Archive member included to satisfy reference by file (symbol)

C:/Program Files/STMicroelectronics/STM32Cube/STM32CubeIDE/plugins/com.st.stm32cube.ide.mcu.externaltools.gnu-tools-for-stm32.11.3.rel1.win32_1.1.100.202309141235/tools/bin/../lib/gcc/arm-none-eabi/11.3.1/../../../../arm-none-eabi/lib/thumb/v7e-m/nofp\libc_nano.a(libc_a-exit.o)
                              C:/Program Files/STMicroelectronics/STM32Cube/STM32CubeIDE/plugins/com.st.stm32cube.ide.mcu.externaltools.gnu-tools-for-stm32.11.3.rel1.win32_1.1.100.202309141235/tools/bin/../lib/gcc/arm-none-eabi/11.3.1/../../../../arm-none-eabi/lib/thumb/v7e-m/nofp/crt0.o (exit)
C:/Program Files/STMicroelectronics/STM32Cube/STM32CubeIDE/plugins/com.st.stm32cube.ide.mcu.externaltools.gnu-tools-for-stm32.11.3.rel1.win32_1.1.100.202309141235/tools/bin/../lib/gcc/arm-none-eabi/11.3.1/../../../../arm-none-eabi/lib/thumb/v7e-m/nofp\libc_nano.a(libc_a-findfp.o)
                              C:/Program Files/STMicroelectronics/STM32Cube/STM32CubeIDE/plugins/com.st.stm32cube.ide.mcu.externaltools.gnu-tools-for-stm32.11.3.rel1.win32_1.1.100.202309141235/tools/bin/../lib/gcc/arm-none-eabi/11.3.1/../../../../arm-none-eabi/lib/thumb/v7e-m/nofp\libc_nano.a(libc_a-exit.o) (__stdio_exit_handler)
C:/Program Files/STMicroelectronics/STM32Cube/STM32CubeIDE/plugins/com.st.stm32cube.ide.mcu.externaltools.gnu-tools-for-stm32.11.3.rel1.win32_1.1.100.202309141235/tools/bin/../lib/gcc/arm-none-eabi/11.3.1/../../../../arm-none-eabi/lib/thumb/v7e-m/nofp\libc_nano.a(libc_a-fwalk.o)
                              C:/Program Files/STMicroelectronics/STM32Cube/STM32CubeIDE/plugins/com.st.stm32cube.ide.mcu.externaltools.gnu-tools-for-stm32.11.3.rel1.win32_1.1.100.202309141235/tools/bin/../lib/gcc/arm-none-eabi/11.3.1/../../../../arm-none-eabi/lib/thumb/v7e-m/nofp\libc_nano.a(libc_a-findfp.o) (_fwalk_sglue)
C:/Program Files/STMicroelectronics/STM32Cube/STM32CubeIDE/plugins/com.st.stm32cube.ide.mcu.externaltools.gnu-tools-for-stm32.11.3.rel1.win32_1.1.100.202309141235/tools/bin/../lib/gcc/arm-none-eabi/11.3.1/../../../../arm-none-eabi/lib/thumb/v7e-m/nofp\libc_nano.a(libc_a-stdio.o)
                              C:/Program Files/STMicroelectronics/STM32Cube/STM32CubeIDE/plugins/com.st.stm32cube.ide.mcu.externaltools.gnu-tools-for-stm32.11.3.rel1.win32_1.1.100.202309141235/tools/bin/../lib/gcc/arm-none-eabi/11.3.1/../../../../arm-none-eabi/lib/thumb/v7e-m/nofp\libc_nano.a(libc_a-findfp.o) (__sread)
C:/Program Files/STMicroelectronics/STM32Cube/STM32CubeIDE/plugins/com.st.stm32cube.ide.mcu.externaltools.gnu-tools-for-stm32.11.3.rel1.win32_1.1.100.202309141235/tools/bin/../lib/gcc/arm-none-eabi/11.3.1/../../../../arm-none-eabi/lib/thumb/v7e-m/nofp\libc_nano.a(libc_a-memset.o)
                              C:/Program Files/STMicroelectronics/STM32Cube/STM32CubeIDE/plugins/com.st.stm32cube.ide.mcu.externaltools.gnu-tools-for-stm32.11.3.rel1.win32_1.1.100.202309141235/tools/bin/../lib/gcc/arm-none-eabi/11.3.1/../../../../arm-none-eabi/lib/thumb/v7e-m/nofp/crt0.o (memset)
C:/Program Files/STMicroelectronics/STM32Cube/STM32CubeIDE/plugins/com.st.stm32cube.ide.mcu.externaltools.gnu-tools-for-stm32.11.3.rel1.win32_1.1.100.202309141235/tools/bin/../lib/gcc/arm-none-eabi/11.3.1/../../../../arm-none-eabi/lib/thumb/v7e-m/nofp\libc_nano.a(libc_a-strncmp.o)
                              ./SubGHz_Phy/App/subghz_phy_app.o (strncmp)
C:/Program Files/STMicroelectronics/STM32Cube/STM32CubeIDE/plugins/com.st.stm32cube.ide.mcu.externaltools.gnu-tools-for-stm32.11.3.rel1.win32_1.1.100.202309141235/tools/bin/../lib/gcc/arm-none-eabi/11.3.1/../../../../arm-none-eabi/lib/thumb/v7e-m/nofp\libc_nano.a(libc_a-closer.o)
                              C:/Program Files/STMicroelectronics/STM32Cube/STM32CubeIDE/plugins/com.st.stm32cube.ide.mcu.externaltools.gnu-tools-for-stm32.11.3.rel1.win32_1.1.100.202309141235/tools/bin/../lib/gcc/arm-none-eabi/11.3.1/../../../../arm-none-eabi/lib/thumb/v7e-m/nofp\libc_nano.a(libc_a-stdio.o) (_close_r)
C:/Program Files/STMicroelectronics/STM32Cube/STM32CubeIDE/plugins/com.st.stm32cube.ide.mcu.externaltools.gnu-tools-for-stm32.11.3.rel1.win32_1.1.100.202309141235/tools/bin/../lib/gcc/arm-none-eabi/11.3.1/../../../../arm-none-eabi/lib/thumb/v7e-m/nofp\libc_nano.a(libc_a-reent.o)
                              C:/Program Files/STMicroelectronics/STM32Cube/STM32CubeIDE/plugins/com.st.stm32cube.ide.mcu.externaltools.gnu-tools-for-stm32.11.3.rel1.win32_1.1.100.202309141235/tools/bin/../lib/gcc/arm-none-eabi/11.3.1/../../../../arm-none-eabi/lib/thumb/v7e-m/nofp\libc_nano.a(libc_a-closer.o) (errno)
C:/Program Files/STMicroelectronics/STM32Cube/STM32CubeIDE/plugins/com.st.stm32cube.ide.mcu.externaltools.gnu-tools-for-stm32.11.3.rel1.win32_1.1.100.202309141235/tools/bin/../lib/gcc/arm-none-eabi/11.3.1/../../../../arm-none-eabi/lib/thumb/v7e-m/nofp\libc_nano.a(libc_a-impure.o)
[...]
Memory Configuration

Name             Origin             Length             Attributes
RAM              0x0000000020000000 0x0000000000010000 xrw
RAM2             0x0000000010000000 0x0000000000008000 xrw
FLASH            0x0000000008000000 0x0000000000040000 xr
*default*        0x0000000000000000 0xffffffffffffffff

Linker script and memory map

LOAD C:/Program Files/STMicroelectronics/STM32Cube/STM32CubeIDE/plugins/com.st.stm32cube.ide.mcu.externaltools.gnu-tools-for-stm32.11.3.rel1.win32_1.1.100.202309141235/tools/bin/../lib/gcc/arm-none-eabi/11.3.1/thumb/v7e-m/nofp/crti.o
LOAD C:/Program Files/STMicroelectronics/STM32Cube/STM32CubeIDE/plugins/com.st.stm32cube.ide.mcu.externaltools.gnu-tools-for-stm32.11.3.rel1.win32_1.1.100.202309141235/tools/bin/../lib/gcc/arm-none-eabi/11.3.1/thumb/v7e-m/nofp/crtbegin.o
LOAD C:/Program Files/STMicroelectronics/STM32Cube/STM32CubeIDE/plugins/com.st.stm32cube.ide.mcu.externaltools.gnu-tools-for-stm32.11.3.rel1.win32_1.1.100.202309141235/tools/bin/../lib/gcc/arm-none-eabi/11.3.1/../../../../arm-none-eabi/lib/thumb/v7e-m/nofp/crt0.o
LOAD ./Core/Src/dma.o
LOAD ./Core/Src/gpio.o
LOAD ./Core/Src/main.o
LOAD ./Core/Src/rtc.o
LOAD ./Core/Src/stm32_lpm_if.o
LOAD ./Core/Src/stm32wlxx_hal_msp.o
LOAD ./Core/Src/stm32wlxx_it.o
LOAD ./Core/Src/subghz.o
LOAD ./Core/Src/sys_app.o
LOAD ./Core/Src/sys_debug.o
LOAD ./Core/Src/syscalls.o
LOAD ./Core/Src/sysmem.o
LOAD ./Core/Src/system_stm32wlxx.o
LOAD ./Core/Src/timer_if.o
LOAD ./Core/Src/usart.o
LOAD ./Core/Src/usart_if.o
LOAD ./Core/Startup/startup_stm32wl55jcix.o
LOAD ./Drivers/BSP/olimex_bsp.o
LOAD ./Drivers/STM32WLxx_HAL_Driver/Src/stm32wlxx_hal.o
LOAD ./Drivers/STM32WLxx_HAL_Driver/Src/stm32wlxx_hal_cortex.o
LOAD ./Drivers/STM32WLxx_HAL_Driver/Src/stm32wlxx_hal_dma.o
LOAD ./Drivers/STM32WLxx_HAL_Driver/Src/stm32wlxx_hal_dma_ex.o
LOAD ./Drivers/STM32WLxx_HAL_Driver/Src/stm32wlxx_hal_exti.o
LOAD ./Drivers/STM32WLxx_HAL_Driver/Src/stm32wlxx_hal_flash.o
LOAD ./Drivers/STM32WLxx_HAL_Driver/Src/stm32wlxx_hal_flash_ex.o
LOAD ./Drivers/STM32WLxx_HAL_Driver/Src/stm32wlxx_hal_gpio.o
LOAD ./Drivers/STM32WLxx_HAL_Driver/Src/stm32wlxx_hal_pwr.o
LOAD ./Drivers/STM32WLxx_HAL_Driver/Src/stm32wlxx_hal_pwr_ex.o
LOAD ./Drivers/STM32WLxx_HAL_Driver/Src/stm32wlxx_hal_rcc.o
LOAD ./Drivers/STM32WLxx_HAL_Driver/Src/stm32wlxx_hal_rcc_ex.o
LOAD ./Drivers/STM32WLxx_HAL_Driver/Src/stm32wlxx_hal_rtc.o
LOAD ./Drivers/STM32WLxx_HAL_Driver/Src/stm32wlxx_hal_rtc_ex.o
LOAD ./Drivers/STM32WLxx_HAL_Driver/Src/stm32wlxx_hal_subghz.o
LOAD ./Drivers/STM32WLxx_HAL_Driver/Src/stm32wlxx_hal_tim.o
LOAD ./Drivers/STM32WLxx_HAL_Driver/Src/stm32wlxx_hal_tim_ex.o
LOAD ./Drivers/STM32WLxx_HAL_Driver/Src/stm32wlxx_hal_uart.o
LOAD ./Drivers/STM32WLxx_HAL_Driver/Src/stm32wlxx_hal_uart_ex.o
LOAD ./Middlewares/Third_Party/SubGHz_Phy/stm32_radio_driver/lr_fhss_mac.o
LOAD ./Middlewares/Third_Party/SubGHz_Phy/stm32_radio_driver/radio.o
LOAD ./Middlewares/Third_Party/SubGHz_Phy/stm32_radio_driver/radio_driver.o
LOAD ./Middlewares/Third_Party/SubGHz_Phy/stm32_radio_driver/radio_fw.o
LOAD ./Middlewares/Third_Party/SubGHz_Phy/stm32_radio_driver/wl_lr_fhss.o
LOAD ./SubGHz_Phy/App/app_subghz_phy.o
LOAD ./SubGHz_Phy/App/subghz_phy_app.o
LOAD ./SubGHz_Phy/Target/radio_board_if.o
LOAD ./Utilities/lpm/tiny_lpm/stm32_lpm.o
LOAD ./Utilities/misc/stm32_mem.o
LOAD ./Utilities/misc/stm32_systime.o
LOAD ./Utilities/misc/stm32_tiny_sscanf.o
LOAD ./Utilities/misc/stm32_tiny_vsnprintf.o
LOAD ./Utilities/sequencer/stm32_seq.o
LOAD ./Utilities/timer/stm32_timer.o
LOAD ./Utilities/trace/adv_trace/stm32_adv_trace.o
START GROUP
LOAD C:/Program Files/STMicroelectronics/STM32Cube/STM32CubeIDE/plugins/com.st.stm32cube.ide.mcu.externaltools.gnu-tools-for-stm32.11.3.rel1.win32_1.1.100.202309141235/tools/bin/../lib/gcc/arm-none-eabi/11.3.1/../../../../arm-none-eabi/lib/thumb/v7e-m/nofp\libc_nano.a
LOAD C:/Program Files/STMicroelectronics/STM32Cube/STM32CubeIDE/plugins/com.st.stm32cube.ide.mcu.externaltools.gnu-tools-for-stm32.11.3.rel1.win32_1.1.100.202309141235/tools/bin/../lib/gcc/arm-none-eabi/11.3.1/../../../../arm-none-eabi/lib/thumb/v7e-m/nofp\libm.a
END GROUP
START GROUP
LOAD C:/Program Files/STMicroelectronics/STM32Cube/STM32CubeIDE/plugins/com.st.stm32cube.ide.mcu.externaltools.gnu-tools-for-stm32.11.3.rel1.win32_1.1.100.202309141235/tools/bin/../lib/gcc/arm-none-eabi/11.3.1/thumb/v7e-m/nofp\libgcc.a
LOAD C:/Program Files/STMicroelectronics/STM32Cube/STM32CubeIDE/plugins/com.st.stm32cube.ide.mcu.externaltools.gnu-tools-for-stm32.11.3.rel1.win32_1.1.100.202309141235/tools/bin/../lib/gcc/arm-none-eabi/11.3.1/../../../../arm-none-eabi/lib/thumb/v7e-m/nofp\libc_nano.a
END GROUP
START GROUP
LOAD C:/Program Files/STMicroelectronics/STM32Cube/STM32CubeIDE/plugins/com.st.stm32cube.ide.mcu.externaltools.gnu-tools-for-stm32.11.3.rel1.win32_1.1.100.202309141235/tools/bin/../lib/gcc/arm-none-eabi/11.3.1/thumb/v7e-m/nofp\libgcc.a
LOAD C:/Program Files/STMicroelectronics/STM32Cube/STM32CubeIDE/plugins/com.st.stm32cube.ide.mcu.externaltools.gnu-tools-for-stm32.11.3.rel1.win32_1.1.100.202309141235/tools/bin/../lib/gcc/arm-none-eabi/11.3.1/../../../../arm-none-eabi/lib/thumb/v7e-m/nofp\libc_nano.a
LOAD C:/Program Files/STMicroelectronics/STM32Cube/STM32CubeIDE/plugins/com.st.stm32cube.ide.mcu.externaltools.gnu-tools-for-stm32.11.3.rel1.win32_1.1.100.202309141235/tools/bin/../lib/gcc/arm-none-eabi/11.3.1/../../../../arm-none-eabi/lib/thumb/v7e-m/nofp\libnosys.a
END GROUP
START GROUP
LOAD C:/Program Files/STMicroelectronics/STM32Cube/STM32CubeIDE/plugins/com.st.stm32cube.ide.mcu.externaltools.gnu-tools-for-stm32.11.3.rel1.win32_1.1.100.202309141235/tools/bin/../lib/gcc/arm-none-eabi/11.3.1/thumb/v7e-m/nofp\libgcc.a
LOAD C:/Program Files/STMicroelectronics/STM32Cube/STM32CubeIDE/plugins/com.st.stm32cube.ide.mcu.externaltools.gnu-tools-for-stm32.11.3.rel1.win32_1.1.100.202309141235/tools/bin/../lib/gcc/arm-none-eabi/11.3.1/../../../../arm-none-eabi/lib/thumb/v7e-m/nofp\libc_nano.a
LOAD C:/Program Files/STMicroelectronics/STM32Cube/STM32CubeIDE/plugins/com.st.stm32cube.ide.mcu.externaltools.gnu-tools-for-stm32.11.3.rel1.win32_1.1.100.202309141235/tools/bin/../lib/gcc/arm-none-eabi/11.3.1/../../../../arm-none-eabi/lib/thumb/v7e-m/nofp\libnosys.a
END GROUP
LOAD C:/Program Files/STMicroelectronics/STM32Cube/STM32CubeIDE/plugins/com.st.stm32cube.ide.mcu.externaltools.gnu-tools-for-stm32.11.3.rel1.win32_1.1.100.202309141235/tools/bin/../lib/gcc/arm-none-eabi/11.3.1/thumb/v7e-m/nofp/crtend.o
LOAD C:/Program Files/STMicroelectronics/STM32Cube/STM32CubeIDE/plugins/com.st.stm32cube.ide.mcu.externaltools.gnu-tools-for-stm32.11.3.rel1.win32_1.1.100.202309141235/tools/bin/../lib/gcc/arm-none-eabi/11.3.1/thumb/v7e-m/nofp/crtn.o
                0x0000000020010000                _estack = (ORIGIN (RAM) + LENGTH (RAM))
                0x0000000000000200                _Min_Heap_Size = 0x200
                0x0000000000000800                _Min_Stack_Size = 0x800

.isr_vector     0x0000000008000000      0x138
                0x0000000008000000                . = ALIGN (0x4)
 *(.isr_vector)
 .isr_vector    0x0000000008000000      0x138 ./Core/Startup/startup_stm32wl55jcix.o
                0x0000000008000000                g_pfnVectors
                0x0000000008000138                . = ALIGN (0x4)

.text           0x0000000008000138     0xc22c
                0x0000000008000138                . = ALIGN (0x4)
 *(.text)
 .text          0x0000000008000138       0x40 C:/Program Files/STMicroelectronics/STM32Cube/STM32CubeIDE/plugins/com.st.stm32cube.ide.mcu.externaltools.gnu-tools-for-stm32.11.3.rel1.win32_1.1.100.202309141235/tools/bin/../lib/gcc/arm-none-eabi/11.3.1/thumb/v7e-m/nofp/crtbegin.o
 .text          0x0000000008000178       0x10 C:/Program Files/STMicroelectronics/STM32Cube/STM32CubeIDE/plugins/com.st.stm32cube.ide.mcu.externaltools.gnu-tools-for-stm32.11.3.rel1.win32_1.1.100.202309141235/tools/bin/../lib/gcc/arm-none-eabi/11.3.1/../../../../arm-none-eabi/lib/thumb/v7e-m/nofp\libc_nano.a(libc_a-strlen.o)
                0x0000000008000178                strlen
 .text          0x0000000008000188       0x30 C:/Program Files/STMicroelectronics/STM32Cube/STM32CubeIDE/plugins/com.st.stm32cube.ide.mcu.externaltools.gnu-tools-for-stm32.11.3.rel1.win32_1.1.100.202309141235/tools/bin/../lib/gcc/arm-none-eabi/11.3.1/thumb/v7e-m/nofp\libgcc.a(_aeabi_uldivmod.o)
                0x0000000008000188                __aeabi_uldivmod
 .text          0x00000000080001b8      0x2c8 C:/Program Files/STMicroelectronics/STM32Cube/STM32CubeIDE/plugins/com.st.stm32cube.ide.mcu.externaltools.gnu-tools-for-stm32.11.3.rel1.win32_1.1.100.202309141235/tools/bin/../lib/gcc/arm-none-eabi/11.3.1/thumb/v7e-m/nofp\libgcc.a(_udivmoddi4.o)
                0x00000000080001b8                __udivmoddi4
 .text          0x0000000008000480        0x4 C:/Program Files/STMicroelectronics/STM32Cube/STM32CubeIDE/plugins/com.st.stm32cube.ide.mcu.externaltools.gnu-tools-for-stm32.11.3.rel1.win32_1.1.100.202309141235/tools/bin/../lib/gcc/arm-none-eabi/11.3.1/thumb/v7e-m/nofp\libgcc.a(_dvmd_tls.o)
                0x0000000008000480                __aeabi_idiv0
                0x0000000008000480                __aeabi_ldiv0
 *(.text*)
 .text.LL_AHB1_GRP1_EnableClock
                0x0000000008000484       0x30 ./Core/Src/dma.o
 .text.MX_DMA_Init
                0x00000000080004b4       0x24 ./Core/Src/dma.o
                0x00000000080004b4                MX_DMA_Init
 .text.LL_AHB2_GRP1_EnableClock
                0x00000000080004d8       0x30 ./Core/Src/gpio.o
 .text.MX_GPIO_Init
                0x0000000008000508       0xd0 ./Core/Src/gpio.o
                0x0000000008000508                MX_GPIO_Init
 .text.LL_RCC_LSE_SetDriveCapability
                0x00000000080005d8       0x2a ./Core/Src/main.o
 .text.main     0x0000000008000602       0x1a ./Core/Src/main.o
                0x0000000008000602                main
 .text.SystemClock_Config
                0x000000000800061c       0xb0 ./Core/Src/main.o
                0x000000000800061c                SystemClock_Config
 .text.Error_Handler
                0x00000000080006cc        0xa ./Core/Src/main.o
                0x00000000080006cc                Error_Handler
 .text.LL_RCC_EnableRTC
                0x00000000080006d6       0x20 ./Core/Src/rtc.o
 .text.LL_APB1_GRP1_EnableClock
                0x00000000080006f6       0x30 ./Core/Src/rtc.o
 *fill*         0x0000000008000726        0x2 
 .text.MX_RTC_Init
                0x0000000008000728       0xa4 ./Core/Src/rtc.o
                0x0000000008000728                MX_RTC_Init
 .text.HAL_RTC_MspInit
                0x00000000080007cc       0x78 ./Core/Src/rtc.o
                0x00000000080007cc                HAL_RTC_MspInit
 .text.LL_PWR_ClearFlag_C1STOP_C1STB
                0x0000000008000844       0x18 ./Core/Src/stm32_lpm_if.o
 .text.PWR_EnterOffMode
                0x000000000800085c        0xc ./Core/Src/stm32_lpm_if.o
                0x000000000800085c                PWR_EnterOffMode
 .text.PWR_ExitOffMode
                0x0000000008000868        0xc ./Core/Src/stm32_lpm_if.o
                0x0000000008000868                PWR_ExitOffMode
 .text.PWR_EnterStopMode
                0x0000000008000874       0x16 ./Core/Src/stm32_lpm_if.o
                0x0000000008000874                PWR_EnterStopMode
 .text.PWR_ExitStopMode
                0x000000000800088a       0x10 ./Core/Src/stm32_lpm_if.o
                0x000000000800088a                PWR_ExitStopMode
 .text.PWR_EnterSleepMode
                0x000000000800089a       0x14 ./Core/Src/stm32_lpm_if.o
                0x000000000800089a                PWR_EnterSleepMode
 .text.PWR_ExitSleepMode
                0x00000000080008ae        0xc ./Core/Src/stm32_lpm_if.o
                0x00000000080008ae                PWR_ExitSleepMode
 .text.HAL_MspInit
                0x00000000080008ba        0xc ./Core/Src/stm32wlxx_hal_msp.o
                0x00000000080008ba                HAL_MspInit
 .text.NMI_Handler
                0x00000000080008c6        0x6 ./Core/Src/stm32wlxx_it.o
                0x00000000080008c6                NMI_Handler
 .text.HardFault_Handler
                0x00000000080008cc        0x6 ./Core/Src/stm32wlxx_it.o
                0x00000000080008cc                HardFault_Handler
 .text.MemManage_Handler
                0x00000000080008d2        0x6 ./Core/Src/stm32wlxx_it.o
                0x00000000080008d2                MemManage_Handler
 .text.BusFault_Handler
                0x00000000080008d8        0x6 ./Core/Src/stm32wlxx_it.o
                0x00000000080008d8                BusFault_Handler
 .text.UsageFault_Handler
                0x00000000080008de        0x6 ./Core/Src/stm32wlxx_it.o
                0x00000000080008de                UsageFault_Handler
 .text.SVC_Handler
                0x00000000080008e4        0xc ./Core/Src/stm32wlxx_it.o
                0x00000000080008e4                SVC_Handler
 .text.DebugMon_Handler
                0x00000000080008f0        0xc ./Core/Src/stm32wlxx_it.o
                0x00000000080008f0                DebugMon_Handler
 .text.PendSV_Handler
                0x00000000080008fc        0xc ./Core/Src/stm32wlxx_it.o
                0x00000000080008fc                PendSV_Handler
 .text.SysTick_Handler
                0x0000000008000908        0xc ./Core/Src/stm32wlxx_it.o
                0x0000000008000908                SysTick_Handler
 .text.TAMP_STAMP_LSECSS_SSRU_IRQHandler
                0x0000000008000914       0x14 ./Core/Src/stm32wlxx_it.o
                0x0000000008000914                TAMP_STAMP_LSECSS_SSRU_IRQHandler
 .text.DMA1_Channel5_IRQHandler
                0x0000000008000928       0x14 ./Core/Src/stm32wlxx_it.o
                0x0000000008000928                DMA1_Channel5_IRQHandler
 .text.USART2_IRQHandler
                0x000000000800093c       0x14 ./Core/Src/stm32wlxx_it.o
                0x000000000800093c                USART2_IRQHandler
 .text.RTC_Alarm_IRQHandler
                0x0000000008000950       0x14 ./Core/Src/stm32wlxx_it.o
                0x0000000008000950                RTC_Alarm_IRQHandler
 .text.SUBGHZ_Radio_IRQHandler
                0x0000000008000964       0x14 ./Core/Src/stm32wlxx_it.o
                0x0000000008000964                SUBGHZ_Radio_IRQHandler
 .text.LL_APB3_GRP1_EnableClock
                0x0000000008000978       0x30 ./Core/Src/subghz.o
 .text.MX_SUBGHZ_Init
                0x00000000080009a8       0x24 ./Core/Src/subghz.o
                0x00000000080009a8                MX_SUBGHZ_Init
 .text.HAL_SUBGHZ_MspInit
                0x00000000080009cc       0x26 ./Core/Src/subghz.o
                0x00000000080009cc                HAL_SUBGHZ_MspInit
 .text.LL_RCC_SetClkAfterWakeFromStop
                0x00000000080009f2       0x26 ./Core/Src/sys_app.o
 .text.SystemApp_Init
                0x0000000008000a18       0x40 ./Core/Src/sys_app.o
                0x0000000008000a18                SystemApp_Init
 .text.UTIL_SEQ_Idle
                0x0000000008000a58        0xc ./Core/Src/sys_app.o
                0x0000000008000a58                UTIL_SEQ_Idle
 .text.TimestampNow
                0x0000000008000a64       0x40 ./Core/Src/sys_app.o
 .text.UTIL_ADV_TRACE_PreSendHook
                0x0000000008000aa4       0x10 ./Core/Src/sys_app.o
                0x0000000008000aa4                UTIL_ADV_TRACE_PreSendHook
 .text.UTIL_ADV_TRACE_PostSendHook
                0x0000000008000ab4       0x10 ./Core/Src/sys_app.o
                0x0000000008000ab4                UTIL_ADV_TRACE_PostSendHook
 .text.tiny_snprintf_like
                0x0000000008000ac4       0x2c ./Core/Src/sys_app.o
 .text.HAL_InitTick
                0x0000000008000af0       0x14 ./Core/Src/sys_app.o
                0x0000000008000af0                HAL_InitTick
 .text.HAL_GetTick
                0x0000000008000b04       0x28 ./Core/Src/sys_app.o
                0x0000000008000b04                HAL_GetTick
 .text.HAL_Delay
                0x0000000008000b2c       0x18 ./Core/Src/sys_app.o
                0x0000000008000b2c                HAL_Delay
 .text.LL_AHB2_GRP1_EnableClock
                0x0000000008000b44       0x30 ./Core/Src/sys_debug.o
 .text.DBG_Init
                0x0000000008000b74       0x7c ./Core/Src/sys_debug.o
                0x0000000008000b74                DBG_Init
 .text.SystemInit
                0x0000000008000bf0        0xc ./Core/Src/system_stm32wlxx.o
                0x0000000008000bf0                SystemInit
 .text.LL_RTC_TIME_GetSubSecond
                0x0000000008000bfc       0x16 ./Core/Src/timer_if.o
 *fill*         0x0000000008000c12        0x2 
 .text.TIMER_IF_Init
                0x0000000008000c14       0x64 ./Core/Src/timer_if.o
                0x0000000008000c14                TIMER_IF_Init
 .text.TIMER_IF_StartTimer
                0x0000000008000c78       0x70 ./Core/Src/timer_if.o
                0x0000000008000c78                TIMER_IF_StartTimer
 .text.TIMER_IF_StopTimer
                0x0000000008000ce8       0x34 ./Core/Src/timer_if.o
                0x0000000008000ce8                TIMER_IF_StopTimer
 .text.TIMER_IF_SetTimerContext
                0x0000000008000d1c       0x1c ./Core/Src/timer_if.o
                0x0000000008000d1c                TIMER_IF_SetTimerContext
 .text.TIMER_IF_GetTimerContext
                0x0000000008000d38       0x14 ./Core/Src/timer_if.o
                0x0000000008000d38                TIMER_IF_GetTimerContext
 .text.TIMER_IF_GetTimerElapsedTime
                0x0000000008000d4c       0x28 ./Core/Src/timer_if.o
                0x0000000008000d4c                TIMER_IF_GetTimerElapsedTime
 .text.TIMER_IF_GetTimerValue
                0x0000000008000d74       0x28 ./Core/Src/timer_if.o
                0x0000000008000d74                TIMER_IF_GetTimerValue
 .text.TIMER_IF_GetMinimumTimeout
                0x0000000008000d9c       0x1a ./Core/Src/timer_if.o
                0x0000000008000d9c                TIMER_IF_GetMinimumTimeout
 .text.TIMER_IF_Convert_ms2Tick
                0x0000000008000db6       0x3a ./Core/Src/timer_if.o
                0x0000000008000db6                TIMER_IF_Convert_ms2Tick
 .text.TIMER_IF_Convert_Tick2ms
                0x0000000008000df0       0x92 ./Core/Src/timer_if.o
                0x0000000008000df0                TIMER_IF_Convert_Tick2ms
 .text.TIMER_IF_DelayMs
                0x0000000008000e82       0x34 ./Core/Src/timer_if.o
                0x0000000008000e82                TIMER_IF_DelayMs
 .text.HAL_RTC_AlarmAEventCallback
                0x0000000008000eb6       0x14 ./Core/Src/timer_if.o
                0x0000000008000eb6                HAL_RTC_AlarmAEventCallback
 .text.HAL_RTCEx_SSRUEventCallback
                0x0000000008000eca       0x20 ./Core/Src/timer_if.o
                0x0000000008000eca                HAL_RTCEx_SSRUEventCallback
 .text.TIMER_IF_GetTime
                0x0000000008000eea       0x8e ./Core/Src/timer_if.o
                0x0000000008000eea                TIMER_IF_GetTime
 .text.TIMER_IF_BkUp_Write_Seconds
                0x0000000008000f78       0x20 ./Core/Src/timer_if.o
                0x0000000008000f78                TIMER_IF_BkUp_Write_Seconds
 .text.TIMER_IF_BkUp_Write_SubSeconds
                0x0000000008000f98       0x20 ./Core/Src/timer_if.o
                0x0000000008000f98                TIMER_IF_BkUp_Write_SubSeconds
 .text.TIMER_IF_BkUp_Read_Seconds
                0x0000000008000fb8       0x24 ./Core/Src/timer_if.o
                0x0000000008000fb8                TIMER_IF_BkUp_Read_Seconds
 .text.TIMER_IF_BkUp_Read_SubSeconds
                0x0000000008000fdc       0x24 ./Core/Src/timer_if.o
                0x0000000008000fdc                TIMER_IF_BkUp_Read_SubSeconds
 .text.TIMER_IF_BkUp_Write_MSBticks
                0x0000000008001000       0x20 ./Core/Src/timer_if.o
 .text.TIMER_IF_BkUp_Read_MSBticks
                0x0000000008001020       0x20 ./Core/Src/timer_if.o
 .text.GetTimerTicks
                0x0000000008001040       0x38 ./Core/Src/timer_if.o
 .text.LL_AHB2_GRP1_EnableClock
                0x0000000008001078       0x30 ./Core/Src/usart.o
 .text.LL_APB1_GRP1_EnableClock
                0x00000000080010a8       0x30 ./Core/Src/usart.o
 .text.LL_APB1_GRP1_DisableClock
                0x00000000080010d8       0x24 ./Core/Src/usart.o
 .text.MX_USART2_UART_Init
                0x00000000080010fc       0x98 ./Core/Src/usart.o
                0x00000000080010fc                MX_USART2_UART_Init
 .text.HAL_UART_MspInit
                0x0000000008001194      0x108 ./Core/Src/usart.o
                0x0000000008001194                HAL_UART_MspInit
 .text.HAL_UART_MspDeInit
                0x000000000800129c       0x40 ./Core/Src/usart.o
                0x000000000800129c                HAL_UART_MspDeInit
 .text.LL_APB1_GRP1_ForceReset
                0x00000000080012dc       0x22 ./Core/Src/usart_if.o
 .text.LL_APB1_GRP1_ReleaseReset
                0x00000000080012fe       0x24 ./Core/Src/usart_if.o
 *fill*         0x0000000008001322        0x2 
 .text.LL_EXTI_EnableIT_0_31
                0x0000000008001324       0x28 ./Core/Src/usart_if.o
 .text.vcom_Init
                0x000000000800134c       0x2c ./Core/Src/usart_if.o
                0x000000000800134c                vcom_Init
 .text.vcom_DeInit
                0x0000000008001378       0x2c ./Core/Src/usart_if.o
                0x0000000008001378                vcom_DeInit
 .text.vcom_Trace_DMA
                0x00000000080013a4       0x28 ./Core/Src/usart_if.o
                0x00000000080013a4                vcom_Trace_DMA
 .text.vcom_ReceiveInit
                0x00000000080013cc       0x7c ./Core/Src/usart_if.o
                0x00000000080013cc                vcom_ReceiveInit
 .text.vcom_Resume
                0x0000000008001448       0x30 ./Core/Src/usart_if.o
                0x0000000008001448                vcom_Resume
 .text.HAL_UART_TxCpltCallback
                0x0000000008001478       0x2c ./Core/Src/usart_if.o
                0x0000000008001478                HAL_UART_TxCpltCallback
 .text.HAL_UART_RxCpltCallback
                0x00000000080014a4       0x50 ./Core/Src/usart_if.o
                0x00000000080014a4                HAL_UART_RxCpltCallback
 .text.Reset_Handler
                0x00000000080014f4       0x50 ./Core/Startup/startup_stm32wl55jcix.o
                0x00000000080014f4                Reset_Handler
 .text.Default_Handler
                0x0000000008001544        0x2 ./Core/Startup/startup_stm32wl55jcix.o
                0x0000000008001544                EXTI2_IRQHandler
                0x0000000008001544                TIM1_CC_IRQHandler
                0x0000000008001544                EXTI3_IRQHandler
                0x0000000008001544                LPTIM2_IRQHandler
                0x0000000008001544                I2C3_ER_IRQHandler
                0x0000000008001544                LPTIM3_IRQHandler
                0x0000000008001544                EXTI0_IRQHandler
                0x0000000008001544                I2C2_EV_IRQHandler
                0x0000000008001544                SPI1_IRQHandler
                0x0000000008001544                DMA2_Channel2_IRQHandler
                0x0000000008001544                DMA1_Channel4_IRQHandler
                0x0000000008001544                PKA_IRQHandler
                0x0000000008001544                TIM17_IRQHandler
                0x0000000008001544                DMA1_Channel7_IRQHandler
                0x0000000008001544                SUBGHZSPI_IRQHandler
                0x0000000008001544                IPCC_C1_TX_IRQHandler
                0x0000000008001544                DMA2_Channel1_IRQHandler
                0x0000000008001544                I2C1_EV_IRQHandler
                0x0000000008001544                DMAMUX1_OVR_IRQHandler
                0x0000000008001544                DMA1_Channel6_IRQHandler
                0x0000000008001544                TIM16_IRQHandler
                0x0000000008001544                DMA2_Channel4_IRQHandler
                0x0000000008001544                RCC_IRQHandler
                0x0000000008001544                TIM1_TRG_COM_IRQHandler
                0x0000000008001544                DMA1_Channel1_IRQHandler
                0x0000000008001544                Default_Handler
                0x0000000008001544                DMA2_Channel7_IRQHandler
                0x0000000008001544                EXTI15_10_IRQHandler
                0x0000000008001544                IPCC_C1_RX_IRQHandler
                0x0000000008001544                ADC_IRQHandler
                0x0000000008001544                C2SEV_PWR_C2H_IRQHandler
                0x0000000008001544                I2C3_EV_IRQHandler
                0x0000000008001544                EXTI9_5_IRQHandler
                0x0000000008001544                RTC_WKUP_IRQHandler
                0x0000000008001544                PVD_PVM_IRQHandler
                0x0000000008001544                SPI2_IRQHandler
                0x0000000008001544                DMA2_Channel5_IRQHandler
                0x0000000008001544                EXTI4_IRQHandler
                0x0000000008001544                RNG_IRQHandler
                0x0000000008001544                DMA1_Channel3_IRQHandler
                0x0000000008001544                COMP_IRQHandler
                0x0000000008001544                HSEM_IRQHandler
                0x0000000008001544                TIM1_UP_IRQHandler
                0x0000000008001544                WWDG_IRQHandler
                0x0000000008001544                LPUART1_IRQHandler
                0x0000000008001544                DMA2_Channel6_IRQHandler
                0x0000000008001544                TIM2_IRQHandler
                0x0000000008001544                TIM1_BRK_IRQHandler
                0x0000000008001544                DAC_IRQHandler
                0x0000000008001544                EXTI1_IRQHandler
                0x0000000008001544                AES_IRQHandler
                0x0000000008001544                I2C2_ER_IRQHandler
                0x0000000008001544                DMA1_Channel2_IRQHandler
                0x0000000008001544                FLASH_IRQHandler
                0x0000000008001544                USART1_IRQHandler
                0x0000000008001544                I2C1_ER_IRQHandler
                0x0000000008001544                LPTIM1_IRQHandler
                0x0000000008001544                DMA2_Channel3_IRQHandler
 *fill*         0x0000000008001546        0x2 
 .text.Olimex_ConfigRfSwitch
                0x0000000008001548       0x64 ./Drivers/BSP/olimex_bsp.o
                0x0000000008001548                Olimex_ConfigRfSwitch
 .text.LL_DBGMCU_DisableDBGSleepMode
                0x00000000080015ac       0x1c ./Drivers/STM32WLxx_HAL_Driver/Src/stm32wlxx_hal.o
 .text.LL_DBGMCU_DisableDBGStopMode
                0x00000000080015c8       0x1c ./Drivers/STM32WLxx_HAL_Driver/Src/stm32wlxx_hal.o
 .text.LL_DBGMCU_DisableDBGStandbyMode
                0x00000000080015e4       0x1c ./Drivers/STM32WLxx_HAL_Driver/Src/stm32wlxx_hal.o
 .text.HAL_Init
                0x0000000008001600       0x40 ./Drivers/STM32WLxx_HAL_Driver/Src/stm32wlxx_hal.o
                0x0000000008001600                HAL_Init
 .text.HAL_SuspendTick
                0x0000000008001640       0x1c ./Drivers/STM32WLxx_HAL_Driver/Src/stm32wlxx_hal.o
                0x0000000008001640                HAL_SuspendTick
 .text.HAL_ResumeTick
                0x000000000800165c       0x1c ./Drivers/STM32WLxx_HAL_Driver/Src/stm32wlxx_hal.o
                0x000000000800165c                HAL_ResumeTick
 .text.HAL_DBGMCU_DisableDBGSleepMode
                0x0000000008001678        0xc ./Drivers/STM32WLxx_HAL_Driver/Src/stm32wlxx_hal.o
                0x0000000008001678                HAL_DBGMCU_DisableDBGSleepMode
 .text.HAL_DBGMCU_DisableDBGStopMode
                0x0000000008001684        0xc ./Drivers/STM32WLxx_HAL_Driver/Src/stm32wlxx_hal.o
                0x0000000008001684                HAL_DBGMCU_DisableDBGStopMode
 .text.HAL_DBGMCU_DisableDBGStandbyMode
                0x0000000008001690        0xc ./Drivers/STM32WLxx_HAL_Driver/Src/stm32wlxx_hal.o
                0x0000000008001690                HAL_DBGMCU_DisableDBGStandbyMode
 .text.__NVIC_SetPriorityGrouping
                0x000000000800169c       0x48 ./Drivers/STM32WLxx_HAL_Driver/Src/stm32wlxx_hal_cortex.o
 .text.__NVIC_GetPriorityGrouping
                0x00000000080016e4       0x1c ./Drivers/STM32WLxx_HAL_Driver/Src/stm32wlxx_hal_cortex.o
 .text.__NVIC_EnableIRQ
                0x0000000008001700       0x38 ./Drivers/STM32WLxx_HAL_Driver/Src/stm32wlxx_hal_cortex.o
 .text.__NVIC_DisableIRQ
                0x0000000008001738       0x48 ./Drivers/STM32WLxx_HAL_Driver/Src/stm32wlxx_hal_cortex.o
 .text.__NVIC_SetPriority
                0x0000000008001780       0x54 ./Drivers/STM32WLxx_HAL_Driver/Src/stm32wlxx_hal_cortex.o
 .text.NVIC_EncodePriority
                0x00000000080017d4       0x64 ./Drivers/STM32WLxx_HAL_Driver/Src/stm32wlxx_hal_cortex.o
 .text.HAL_NVIC_SetPriorityGrouping
                0x0000000008001838       0x16 ./Drivers/STM32WLxx_HAL_Driver/Src/stm32wlxx_hal_cortex.o
                0x0000000008001838                HAL_NVIC_SetPriorityGrouping
 .text.HAL_NVIC_SetPriority
                0x000000000800184e       0x34 ./Drivers/STM32WLxx_HAL_Driver/Src/stm32wlxx_hal_cortex.o
                0x000000000800184e                HAL_NVIC_SetPriority
 .text.HAL_NVIC_EnableIRQ
                0x0000000008001882       0x1c ./Drivers/STM32WLxx_HAL_Driver/Src/stm32wlxx_hal_cortex.o
                0x0000000008001882                HAL_NVIC_EnableIRQ
 .text.HAL_NVIC_DisableIRQ
                0x000000000800189e       0x1c ./Drivers/STM32WLxx_HAL_Driver/Src/stm32wlxx_hal_cortex.o
                0x000000000800189e                HAL_NVIC_DisableIRQ
 *fill*         0x00000000080018ba        0x2 
 .text.HAL_DMA_Init
                0x00000000080018bc      0x150 ./Drivers/STM32WLxx_HAL_Driver/Src/stm32wlxx_hal_dma.o
                0x00000000080018bc                HAL_DMA_Init
 .text.HAL_DMA_DeInit
                0x0000000008001a0c      0x12c ./Drivers/STM32WLxx_HAL_Driver/Src/stm32wlxx_hal_dma.o
                0x0000000008001a0c                HAL_DMA_DeInit
 .text.HAL_DMA_Start_IT
                0x0000000008001b38       0xfc ./Drivers/STM32WLxx_HAL_Driver/Src/stm32wlxx_hal_dma.o
                0x0000000008001b38                HAL_DMA_Start_IT
 .text.HAL_DMA_Abort
                0x0000000008001c34       0xbc ./Drivers/STM32WLxx_HAL_Driver/Src/stm32wlxx_hal_dma.o
                0x0000000008001c34                HAL_DMA_Abort
 .text.HAL_DMA_Abort_IT
                0x0000000008001cf0       0xbe ./Drivers/STM32WLxx_HAL_Driver/Src/stm32wlxx_hal_dma.o
                0x0000000008001cf0                HAL_DMA_Abort_IT
 *fill*         0x0000000008001dae        0x2 
 .text.HAL_DMA_IRQHandler
                0x0000000008001db0      0x18c ./Drivers/STM32WLxx_HAL_Driver/Src/stm32wlxx_hal_dma.o
                0x0000000008001db0                HAL_DMA_IRQHandler
 .text.HAL_DMA_ConfigChannelAttributes
                0x0000000008001f3c       0x5e ./Drivers/STM32WLxx_HAL_Driver/Src/stm32wlxx_hal_dma.o
                0x0000000008001f3c                HAL_DMA_ConfigChannelAttributes
 .text.DMA_SetConfig
                0x0000000008001f9a       0x7a ./Drivers/STM32WLxx_HAL_Driver/Src/stm32wlxx_hal_dma.o
 .text.DMA_CalcDMAMUXChannelBaseAndMask
                0x0000000008002014       0x90 ./Drivers/STM32WLxx_HAL_Driver/Src/stm32wlxx_hal_dma.o
 .text.DMA_CalcDMAMUXRequestGenBaseAndMask
                0x00000000080020a4       0x48 ./Drivers/STM32WLxx_HAL_Driver/Src/stm32wlxx_hal_dma.o
 .text.HAL_GPIO_Init
                0x00000000080020ec      0x2c0 ./Drivers/STM32WLxx_HAL_Driver/Src/stm32wlxx_hal_gpio.o
                0x00000000080020ec                HAL_GPIO_Init
 .text.HAL_GPIO_DeInit
                0x00000000080023ac      0x19c ./Drivers/STM32WLxx_HAL_Driver/Src/stm32wlxx_hal_gpio.o
                0x00000000080023ac                HAL_GPIO_DeInit
 .text.HAL_GPIO_WritePin
                0x0000000008002548       0x2e ./Drivers/STM32WLxx_HAL_Driver/Src/stm32wlxx_hal_gpio.o
                0x0000000008002548                HAL_GPIO_WritePin
 .text.HAL_GPIO_TogglePin
                0x0000000008002576       0x32 ./Drivers/STM32WLxx_HAL_Driver/Src/stm32wlxx_hal_gpio.o
                0x0000000008002576                HAL_GPIO_TogglePin
 .text.HAL_PWR_EnableBkUpAccess
                0x00000000080025a8       0x1c ./Drivers/STM32WLxx_HAL_Driver/Src/stm32wlxx_hal_pwr.o
                0x00000000080025a8                HAL_PWR_EnableBkUpAccess
 .text.HAL_PWR_EnterSLEEPMode
                0x00000000080025c4       0x68 ./Drivers/STM32WLxx_HAL_Driver/Src/stm32wlxx_hal_pwr.o
                0x00000000080025c4                HAL_PWR_EnterSLEEPMode
 .text.HAL_PWREx_GetVoltageRange
                0x000000000800262c       0x18 ./Drivers/STM32WLxx_HAL_Driver/Src/stm32wlxx_hal_pwr_ex.o
                0x000000000800262c                HAL_PWREx_GetVoltageRange
 .text.HAL_PWREx_EnableLowPowerRunMode
                0x0000000008002644       0x1c ./Drivers/STM32WLxx_HAL_Driver/Src/stm32wlxx_hal_pwr_ex.o
                0x0000000008002644                HAL_PWREx_EnableLowPowerRunMode
 .text.HAL_PWREx_DisableLowPowerRunMode
                0x0000000008002660       0x6c ./Drivers/STM32WLxx_HAL_Driver/Src/stm32wlxx_hal_pwr_ex.o
                0x0000000008002660                HAL_PWREx_DisableLowPowerRunMode
 .text.HAL_PWREx_EnterSTOP2Mode
                0x00000000080026cc       0x54 ./Drivers/STM32WLxx_HAL_Driver/Src/stm32wlxx_hal_pwr_ex.o
                0x00000000080026cc                HAL_PWREx_EnterSTOP2Mode
 .text.LL_PWR_IsEnabledBkUpAccess
                0x0000000008002720       0x24 ./Drivers/STM32WLxx_HAL_Driver/Src/stm32wlxx_hal_rcc.o
 .text.LL_RCC_HSE_EnableTcxo
                0x0000000008002744       0x1c ./Drivers/STM32WLxx_HAL_Driver/Src/stm32wlxx_hal_rcc.o
 .text.LL_RCC_HSE_DisableTcxo
                0x0000000008002760       0x1c ./Drivers/STM32WLxx_HAL_Driver/Src/stm32wlxx_hal_rcc.o
 .text.LL_RCC_HSE_IsEnabledDiv2
                0x000000000800277c       0x22 ./Drivers/STM32WLxx_HAL_Driver/Src/stm32wlxx_hal_rcc.o
 .text.LL_RCC_HSE_Enable
                0x000000000800279e       0x1c ./Drivers/STM32WLxx_HAL_Driver/Src/stm32wlxx_hal_rcc.o
 .text.LL_RCC_HSE_Disable
                0x00000000080027ba       0x1c ./Drivers/STM32WLxx_HAL_Driver/Src/stm32wlxx_hal_rcc.o
 .text.LL_RCC_HSE_IsReady
                0x00000000080027d6       0x22 ./Drivers/STM32WLxx_HAL_Driver/Src/stm32wlxx_hal_rcc.o
 .text.LL_RCC_HSI_Enable
                0x00000000080027f8       0x1c ./Drivers/STM32WLxx_HAL_Driver/Src/stm32wlxx_hal_rcc.o
 .text.LL_RCC_HSI_Disable
                0x0000000008002814       0x1c ./Drivers/STM32WLxx_HAL_Driver/Src/stm32wlxx_hal_rcc.o
 .text.LL_RCC_HSI_IsReady
                0x0000000008002830       0x22 ./Drivers/STM32WLxx_HAL_Driver/Src/stm32wlxx_hal_rcc.o
 .text.LL_RCC_HSI_SetCalibTrimming
                0x0000000008002852       0x28 ./Drivers/STM32WLxx_HAL_Driver/Src/stm32wlxx_hal_rcc.o
 .text.LL_RCC_LSE_IsReady
                0x000000000800287a       0x22 ./Drivers/STM32WLxx_HAL_Driver/Src/stm32wlxx_hal_rcc.o
 .text.LL_RCC_LSI_Enable
                0x000000000800289c       0x20 ./Drivers/STM32WLxx_HAL_Driver/Src/stm32wlxx_hal_rcc.o
 .text.LL_RCC_LSI_Disable
                0x00000000080028bc       0x20 ./Drivers/STM32WLxx_HAL_Driver/Src/stm32wlxx_hal_rcc.o
 .text.LL_RCC_LSI_IsReady
                0x00000000080028dc       0x22 ./Drivers/STM32WLxx_HAL_Driver/Src/stm32wlxx_hal_rcc.o
 .text.LL_RCC_MSI_Enable
                0x00000000080028fe       0x1c ./Drivers/STM32WLxx_HAL_Driver/Src/stm32wlxx_hal_rcc.o
 .text.LL_RCC_MSI_Disable
                0x000000000800291a       0x1c ./Drivers/STM32WLxx_HAL_Driver/Src/stm32wlxx_hal_rcc.o
 .text.LL_RCC_MSI_IsReady
                0x0000000008002936       0x20 ./Drivers/STM32WLxx_HAL_Driver/Src/stm32wlxx_hal_rcc.o
 .text.LL_RCC_MSI_IsEnabledRangeSelect
                0x0000000008002956       0x20 ./Drivers/STM32WLxx_HAL_Driver/Src/stm32wlxx_hal_rcc.o
 .text.LL_RCC_MSI_GetRange
                0x0000000008002976       0x16 ./Drivers/STM32WLxx_HAL_Driver/Src/stm32wlxx_hal_rcc.o
 .text.LL_RCC_MSI_GetRangeAfterStandby
                0x000000000800298c       0x18 ./Drivers/STM32WLxx_HAL_Driver/Src/stm32wlxx_hal_rcc.o
 .text.LL_RCC_MSI_SetCalibTrimming
                0x00000000080029a4       0x28 ./Drivers/STM32WLxx_HAL_Driver/Src/stm32wlxx_hal_rcc.o
 .text.LL_RCC_SetSysClkSource
                0x00000000080029cc       0x26 ./Drivers/STM32WLxx_HAL_Driver/Src/stm32wlxx_hal_rcc.o
 .text.LL_RCC_GetSysClkSource
                0x00000000080029f2       0x16 ./Drivers/STM32WLxx_HAL_Driver/Src/stm32wlxx_hal_rcc.o
 .text.LL_RCC_SetAHBPrescaler
                0x0000000008002a08       0x26 ./Drivers/STM32WLxx_HAL_Driver/Src/stm32wlxx_hal_rcc.o
 .text.LL_C2_RCC_SetAHBPrescaler
                0x0000000008002a2e       0x2a ./Drivers/STM32WLxx_HAL_Driver/Src/stm32wlxx_hal_rcc.o
 .text.LL_RCC_SetAHB3Prescaler
                0x0000000008002a58       0x2c ./Drivers/STM32WLxx_HAL_Driver/Src/stm32wlxx_hal_rcc.o
 .text.LL_RCC_SetAPB1Prescaler
                0x0000000008002a84       0x26 ./Drivers/STM32WLxx_HAL_Driver/Src/stm32wlxx_hal_rcc.o
 .text.LL_RCC_SetAPB2Prescaler
                0x0000000008002aaa       0x26 ./Drivers/STM32WLxx_HAL_Driver/Src/stm32wlxx_hal_rcc.o
 .text.LL_RCC_GetAHBPrescaler
                0x0000000008002ad0       0x16 ./Drivers/STM32WLxx_HAL_Driver/Src/stm32wlxx_hal_rcc.o
 .text.LL_RCC_GetAHB3Prescaler
                0x0000000008002ae6       0x1a ./Drivers/STM32WLxx_HAL_Driver/Src/stm32wlxx_hal_rcc.o
 .text.LL_RCC_GetAPB1Prescaler
                0x0000000008002b00       0x16 ./Drivers/STM32WLxx_HAL_Driver/Src/stm32wlxx_hal_rcc.o
 .text.LL_RCC_GetAPB2Prescaler
                0x0000000008002b16       0x16 ./Drivers/STM32WLxx_HAL_Driver/Src/stm32wlxx_hal_rcc.o
 .text.LL_RCC_PLL_Enable
                0x0000000008002b2c       0x1c ./Drivers/STM32WLxx_HAL_Driver/Src/stm32wlxx_hal_rcc.o
 .text.LL_RCC_PLL_Disable
                0x0000000008002b48       0x1c ./Drivers/STM32WLxx_HAL_Driver/Src/stm32wlxx_hal_rcc.o
 .text.LL_RCC_PLL_IsReady
                0x0000000008002b64       0x22 ./Drivers/STM32WLxx_HAL_Driver/Src/stm32wlxx_hal_rcc.o
 .text.LL_RCC_PLL_GetN
                0x0000000008002b86       0x18 ./Drivers/STM32WLxx_HAL_Driver/Src/stm32wlxx_hal_rcc.o
 .text.LL_RCC_PLL_GetR
                0x0000000008002b9e       0x16 ./Drivers/STM32WLxx_HAL_Driver/Src/stm32wlxx_hal_rcc.o
 .text.LL_RCC_PLL_GetDivider
                0x0000000008002bb4       0x16 ./Drivers/STM32WLxx_HAL_Driver/Src/stm32wlxx_hal_rcc.o
 .text.LL_RCC_PLL_GetMainSource
                0x0000000008002bca       0x16 ./Drivers/STM32WLxx_HAL_Driver/Src/stm32wlxx_hal_rcc.o
 .text.LL_RCC_IsActiveFlag_HPRE
                0x0000000008002be0       0x22 ./Drivers/STM32WLxx_HAL_Driver/Src/stm32wlxx_hal_rcc.o
 .text.LL_RCC_IsActiveFlag_C2HPRE
                0x0000000008002c02       0x24 ./Drivers/STM32WLxx_HAL_Driver/Src/stm32wlxx_hal_rcc.o
 .text.LL_RCC_IsActiveFlag_SHDHPRE
                0x0000000008002c26       0x24 ./Drivers/STM32WLxx_HAL_Driver/Src/stm32wlxx_hal_rcc.o
 .text.LL_RCC_IsActiveFlag_PPRE1
                0x0000000008002c4a       0x22 ./Drivers/STM32WLxx_HAL_Driver/Src/stm32wlxx_hal_rcc.o
 .text.LL_RCC_IsActiveFlag_PPRE2
                0x0000000008002c6c       0x22 ./Drivers/STM32WLxx_HAL_Driver/Src/stm32wlxx_hal_rcc.o
 *fill*         0x0000000008002c8e        0x2 
 .text.HAL_RCC_OscConfig
                0x0000000008002c90      0x704 ./Drivers/STM32WLxx_HAL_Driver/Src/stm32wlxx_hal_rcc.o
                0x0000000008002c90                HAL_RCC_OscConfig
 .text.HAL_RCC_ClockConfig
                0x0000000008003394      0x284 ./Drivers/STM32WLxx_HAL_Driver/Src/stm32wlxx_hal_rcc.o
                0x0000000008003394                HAL_RCC_ClockConfig
 .text.HAL_RCC_GetSysClockFreq
                0x0000000008003618      0x140 ./Drivers/STM32WLxx_HAL_Driver/Src/stm32wlxx_hal_rcc.o
                0x0000000008003618                HAL_RCC_GetSysClockFreq
 .text.HAL_RCC_GetHCLKFreq
                0x0000000008003758       0x28 ./Drivers/STM32WLxx_HAL_Driver/Src/stm32wlxx_hal_rcc.o
                0x0000000008003758                HAL_RCC_GetHCLKFreq
 .text.HAL_RCC_GetPCLK1Freq
                0x0000000008003780       0x24 ./Drivers/STM32WLxx_HAL_Driver/Src/stm32wlxx_hal_rcc.o
                0x0000000008003780                HAL_RCC_GetPCLK1Freq
 .text.HAL_RCC_GetPCLK2Freq
                0x00000000080037a4       0x24 ./Drivers/STM32WLxx_HAL_Driver/Src/stm32wlxx_hal_rcc.o
                0x00000000080037a4                HAL_RCC_GetPCLK2Freq
 .text.RCC_SetFlashLatencyFromMSIRange
                0x00000000080037c8       0x60 ./Drivers/STM32WLxx_HAL_Driver/Src/stm32wlxx_hal_rcc.o
 .text.RCC_SetFlashLatency
                0x0000000008003828      0x104 ./Drivers/STM32WLxx_HAL_Driver/Src/stm32wlxx_hal_rcc.o
 .text.LL_RCC_LSE_IsReady
                0x000000000800392c       0x22 ./Drivers/STM32WLxx_HAL_Driver/Src/stm32wlxx_hal_rcc_ex.o
 .text.LL_RCC_SetUSARTClockSource
                0x000000000800394e       0x30 ./Drivers/STM32WLxx_HAL_Driver/Src/stm32wlxx_hal_rcc_ex.o
 .text.LL_RCC_SetI2SClockSource
                0x000000000800397e       0x2a ./Drivers/STM32WLxx_HAL_Driver/Src/stm32wlxx_hal_rcc_ex.o
 .text.LL_RCC_SetLPUARTClockSource
                0x00000000080039a8       0x2a ./Drivers/STM32WLxx_HAL_Driver/Src/stm32wlxx_hal_rcc_ex.o
 .text.LL_RCC_SetI2CClockSource
                0x00000000080039d2       0x38 ./Drivers/STM32WLxx_HAL_Driver/Src/stm32wlxx_hal_rcc_ex.o
 .text.LL_RCC_SetLPTIMClockSource
                0x0000000008003a0a       0x32 ./Drivers/STM32WLxx_HAL_Driver/Src/stm32wlxx_hal_rcc_ex.o
 .text.LL_RCC_SetRNGClockSource
                0x0000000008003a3c       0x2a ./Drivers/STM32WLxx_HAL_Driver/Src/stm32wlxx_hal_rcc_ex.o
 .text.LL_RCC_SetADCClockSource
                0x0000000008003a66       0x2a ./Drivers/STM32WLxx_HAL_Driver/Src/stm32wlxx_hal_rcc_ex.o
 .text.LL_RCC_SetRTCClockSource
                0x0000000008003a90       0x2a ./Drivers/STM32WLxx_HAL_Driver/Src/stm32wlxx_hal_rcc_ex.o
 .text.LL_RCC_GetRTCClockSource
                0x0000000008003aba       0x18 ./Drivers/STM32WLxx_HAL_Driver/Src/stm32wlxx_hal_rcc_ex.o
 .text.LL_RCC_ForceBackupDomainReset
                0x0000000008003ad2       0x20 ./Drivers/STM32WLxx_HAL_Driver/Src/stm32wlxx_hal_rcc_ex.o
 .text.LL_RCC_ReleaseBackupDomainReset
                0x0000000008003af2       0x20 ./Drivers/STM32WLxx_HAL_Driver/Src/stm32wlxx_hal_rcc_ex.o
 *fill*         0x0000000008003b12        0x2 
 .text.HAL_RCCEx_PeriphCLKConfig
                0x0000000008003b14      0x234 ./Drivers/STM32WLxx_HAL_Driver/Src/stm32wlxx_hal_rcc_ex.o
                0x0000000008003b14                HAL_RCCEx_PeriphCLKConfig
 .text.HAL_RTC_Init
                0x0000000008003d48      0x104 ./Drivers/STM32WLxx_HAL_Driver/Src/stm32wlxx_hal_rtc.o
                0x0000000008003d48                HAL_RTC_Init
 .text.HAL_RTC_SetAlarm_IT
                0x0000000008003e4c      0x218 ./Drivers/STM32WLxx_HAL_Driver/Src/stm32wlxx_hal_rtc.o
                0x0000000008003e4c                HAL_RTC_SetAlarm_IT
 .text.HAL_RTC_DeactivateAlarm
                0x0000000008004064       0xb8 ./Drivers/STM32WLxx_HAL_Driver/Src/stm32wlxx_hal_rtc.o
                0x0000000008004064                HAL_RTC_DeactivateAlarm
 .text.HAL_RTC_AlarmIRQHandler
                0x000000000800411c       0x54 ./Drivers/STM32WLxx_HAL_Driver/Src/stm32wlxx_hal_rtc.o
                0x000000000800411c                HAL_RTC_AlarmIRQHandler
 .text.HAL_RTC_WaitForSynchro
                0x0000000008004170       0x4c ./Drivers/STM32WLxx_HAL_Driver/Src/stm32wlxx_hal_rtc.o
                0x0000000008004170                HAL_RTC_WaitForSynchro
 .text.RTC_EnterInitMode
                0x00000000080041bc       0x68 ./Drivers/STM32WLxx_HAL_Driver/Src/stm32wlxx_hal_rtc.o
                0x00000000080041bc                RTC_EnterInitMode
 .text.RTC_ExitInitMode
                0x0000000008004224       0x7c ./Drivers/STM32WLxx_HAL_Driver/Src/stm32wlxx_hal_rtc.o
                0x0000000008004224                RTC_ExitInitMode
 .text.RTC_ByteToBcd2
                0x00000000080042a0       0x3e ./Drivers/STM32WLxx_HAL_Driver/Src/stm32wlxx_hal_rtc.o
                0x00000000080042a0                RTC_ByteToBcd2
 *fill*         0x00000000080042de        0x2 
 .text.HAL_RTCEx_EnableBypassShadow
                0x00000000080042e0       0x64 ./Drivers/STM32WLxx_HAL_Driver/Src/stm32wlxx_hal_rtc_ex.o
                0x00000000080042e0                HAL_RTCEx_EnableBypassShadow
 .text.HAL_RTCEx_SetSSRU_IT
                0x0000000008004344       0x78 ./Drivers/STM32WLxx_HAL_Driver/Src/stm32wlxx_hal_rtc_ex.o
                0x0000000008004344                HAL_RTCEx_SetSSRU_IT
 .text.HAL_RTCEx_SSRUIRQHandler
                0x00000000080043bc       0x34 ./Drivers/STM32WLxx_HAL_Driver/Src/stm32wlxx_hal_rtc_ex.o
                0x00000000080043bc                HAL_RTCEx_SSRUIRQHandler
 .text.HAL_RTCEx_AlarmBEventCallback
                0x00000000080043f0       0x12 ./Drivers/STM32WLxx_HAL_Driver/Src/stm32wlxx_hal_rtc_ex.o
                0x00000000080043f0                HAL_RTCEx_AlarmBEventCallback
 *fill*         0x0000000008004402        0x2 
 .text.HAL_RTCEx_BKUPWrite
                0x0000000008004404       0x30 ./Drivers/STM32WLxx_HAL_Driver/Src/stm32wlxx_hal_rtc_ex.o
                0x0000000008004404                HAL_RTCEx_BKUPWrite
 .text.HAL_RTCEx_BKUPRead
                0x0000000008004434       0x2c ./Drivers/STM32WLxx_HAL_Driver/Src/stm32wlxx_hal_rtc_ex.o
                0x0000000008004434                HAL_RTCEx_BKUPRead
 .text.LL_PWR_SetRadioBusyTrigger
                0x0000000008004460       0x28 ./Drivers/STM32WLxx_HAL_Driver/Src/stm32wlxx_hal_subghz.o
 .text.LL_PWR_UnselectSUBGHZSPI_NSS
                0x0000000008004488       0x20 ./Drivers/STM32WLxx_HAL_Driver/Src/stm32wlxx_hal_subghz.o
 .text.LL_PWR_SelectSUBGHZSPI_NSS
                0x00000000080044a8       0x20 ./Drivers/STM32WLxx_HAL_Driver/Src/stm32wlxx_hal_subghz.o
 .text.LL_PWR_ClearFlag_RFBUSY
                0x00000000080044c8       0x18 ./Drivers/STM32WLxx_HAL_Driver/Src/stm32wlxx_hal_subghz.o
 .text.LL_PWR_IsActiveFlag_RFBUSYS
                0x00000000080044e0       0x24 ./Drivers/STM32WLxx_HAL_Driver/Src/stm32wlxx_hal_subghz.o
 .text.LL_PWR_IsActiveFlag_RFBUSYMS
                0x0000000008004504       0x24 ./Drivers/STM32WLxx_HAL_Driver/Src/stm32wlxx_hal_subghz.o
 .text.LL_RCC_RF_DisableReset
                0x0000000008004528       0x20 ./Drivers/STM32WLxx_HAL_Driver/Src/stm32wlxx_hal_subghz.o
 .text.LL_RCC_IsRFUnderReset
                0x0000000008004548       0x24 ./Drivers/STM32WLxx_HAL_Driver/Src/stm32wlxx_hal_subghz.o
 .text.LL_EXTI_EnableIT_32_63
                0x000000000800456c       0x28 ./Drivers/STM32WLxx_HAL_Driver/Src/stm32wlxx_hal_subghz.o
 .text.HAL_SUBGHZ_Init
                0x0000000008004594       0xc8 ./Drivers/STM32WLxx_HAL_Driver/Src/stm32wlxx_hal_subghz.o
                0x0000000008004594                HAL_SUBGHZ_Init
 .text.HAL_SUBGHZ_WriteRegisters
                0x000000000800465c       0xbe ./Drivers/STM32WLxx_HAL_Driver/Src/stm32wlxx_hal_subghz.o
                0x000000000800465c                HAL_SUBGHZ_WriteRegisters
 .text.HAL_SUBGHZ_ReadRegisters
                0x000000000800471a       0xc2 ./Drivers/STM32WLxx_HAL_Driver/Src/stm32wlxx_hal_subghz.o
                0x000000000800471a                HAL_SUBGHZ_ReadRegisters
 .text.HAL_SUBGHZ_ExecSetCmd
                0x00000000080047dc       0xbe ./Drivers/STM32WLxx_HAL_Driver/Src/stm32wlxx_hal_subghz.o
                0x00000000080047dc                HAL_SUBGHZ_ExecSetCmd
 .text.HAL_SUBGHZ_ExecGetCmd
                0x000000000800489a       0xa8 ./Drivers/STM32WLxx_HAL_Driver/Src/stm32wlxx_hal_subghz.o
                0x000000000800489a                HAL_SUBGHZ_ExecGetCmd
 .text.HAL_SUBGHZ_WriteBuffer
                0x0000000008004942       0xa6 ./Drivers/STM32WLxx_HAL_Driver/Src/stm32wlxx_hal_subghz.o
                0x0000000008004942                HAL_SUBGHZ_WriteBuffer
 .text.HAL_SUBGHZ_ReadBuffer
                0x00000000080049e8       0xb0 ./Drivers/STM32WLxx_HAL_Driver/Src/stm32wlxx_hal_subghz.o
                0x00000000080049e8                HAL_SUBGHZ_ReadBuffer
 .text.HAL_SUBGHZ_IRQHandler
                0x0000000008004a98       0xfa ./Drivers/STM32WLxx_HAL_Driver/Src/stm32wlxx_hal_subghz.o
                0x0000000008004a98                HAL_SUBGHZ_IRQHandler
 *fill*         0x0000000008004b92        0x2 
 .text.SUBGHZSPI_Init
                0x0000000008004b94       0x40 ./Drivers/STM32WLxx_HAL_Driver/Src/stm32wlxx_hal_subghz.o
                0x0000000008004b94                SUBGHZSPI_Init
 .text.SUBGHZSPI_Transmit
                0x0000000008004bd4       0xac ./Drivers/STM32WLxx_HAL_Driver/Src/stm32wlxx_hal_subghz.o
                0x0000000008004bd4                SUBGHZSPI_Transmit
 .text.SUBGHZSPI_Receive
                0x0000000008004c80       0xb0 ./Drivers/STM32WLxx_HAL_Driver/Src/stm32wlxx_hal_subghz.o
                0x0000000008004c80                SUBGHZSPI_Receive
 .text.SUBGHZ_CheckDeviceReady
                0x0000000008004d30       0x48 ./Drivers/STM32WLxx_HAL_Driver/Src/stm32wlxx_hal_subghz.o
                0x0000000008004d30                SUBGHZ_CheckDeviceReady
 .text.SUBGHZ_WaitOnBusy
                0x0000000008004d78       0x5c ./Drivers/STM32WLxx_HAL_Driver/Src/stm32wlxx_hal_subghz.o
                0x0000000008004d78                SUBGHZ_WaitOnBusy
 .text.LL_RCC_GetUSARTClockSource
                0x0000000008004dd4       0x24 ./Drivers/STM32WLxx_HAL_Driver/Src/stm32wlxx_hal_uart.o
 .text.LL_RCC_GetLPUARTClockSource
                0x0000000008004df8       0x1e ./Drivers/STM32WLxx_HAL_Driver/Src/stm32wlxx_hal_uart.o
 .text.HAL_UART_Init
                0x0000000008004e16       0xa0 ./Drivers/STM32WLxx_HAL_Driver/Src/stm32wlxx_hal_uart.o
                0x0000000008004e16                HAL_UART_Init
 *fill*         0x0000000008004eb6        0x2 
 .text.HAL_UART_Receive_IT
                0x0000000008004eb8       0x98 ./Drivers/STM32WLxx_HAL_Driver/Src/stm32wlxx_hal_uart.o
                0x0000000008004eb8                HAL_UART_Receive_IT
 .text.HAL_UART_Transmit_DMA
                0x0000000008004f50      0x100 ./Drivers/STM32WLxx_HAL_Driver/Src/stm32wlxx_hal_uart.o
                0x0000000008004f50                HAL_UART_Transmit_DMA
 .text.HAL_UART_IRQHandler
                0x0000000008005050      0x648 ./Drivers/STM32WLxx_HAL_Driver/Src/stm32wlxx_hal_uart.o
                0x0000000008005050                HAL_UART_IRQHandler
 .text.HAL_UART_TxHalfCpltCallback
                0x0000000008005698       0x12 ./Drivers/STM32WLxx_HAL_Driver/Src/stm32wlxx_hal_uart.o
                0x0000000008005698                HAL_UART_TxHalfCpltCallback
 .text.HAL_UART_ErrorCallback
                0x00000000080056aa       0x12 ./Drivers/STM32WLxx_HAL_Driver/Src/stm32wlxx_hal_uart.o
                0x00000000080056aa                HAL_UART_ErrorCallback
 .text.HAL_UARTEx_RxEventCallback
                0x00000000080056bc       0x16 ./Drivers/STM32WLxx_HAL_Driver/Src/stm32wlxx_hal_uart.o
                0x00000000080056bc                HAL_UARTEx_RxEventCallback
 *fill*         0x00000000080056d2        0x2 
 .text.UART_SetConfig
                0x00000000080056d4      0x4e8 ./Drivers/STM32WLxx_HAL_Driver/Src/stm32wlxx_hal_uart.o
                0x00000000080056d4                UART_SetConfig
 .text.UART_AdvFeatureConfig
                0x0000000008005bbc      0x142 ./Drivers/STM32WLxx_HAL_Driver/Src/stm32wlxx_hal_uart.o
                0x0000000008005bbc                UART_AdvFeatureConfig
 .text.UART_CheckIdleState
                0x0000000008005cfe       0x9c ./Drivers/STM32WLxx_HAL_Driver/Src/stm32wlxx_hal_uart.o
                0x0000000008005cfe                UART_CheckIdleState
 .text.UART_WaitOnFlagUntilTimeout
                0x0000000008005d9a      0x190 ./Drivers/STM32WLxx_HAL_Driver/Src/stm32wlxx_hal_uart.o
                0x0000000008005d9a                UART_WaitOnFlagUntilTimeout
 *fill*         0x0000000008005f2a        0x2 
 .text.UART_Start_Receive_IT
                0x0000000008005f2c      0x240 ./Drivers/STM32WLxx_HAL_Driver/Src/stm32wlxx_hal_uart.o
                0x0000000008005f2c                UART_Start_Receive_IT
 .text.UART_EndTxTransfer
                0x000000000800616c       0x80 ./Drivers/STM32WLxx_HAL_Driver/Src/stm32wlxx_hal_uart.o
 .text.UART_EndRxTransfer
                0x00000000080061ec       0xca ./Drivers/STM32WLxx_HAL_Driver/Src/stm32wlxx_hal_uart.o
 .text.UART_DMATransmitCplt
                0x00000000080062b6       0x9a ./Drivers/STM32WLxx_HAL_Driver/Src/stm32wlxx_hal_uart.o
 .text.UART_DMATxHalfCplt
                0x0000000008006350       0x1c ./Drivers/STM32WLxx_HAL_Driver/Src/stm32wlxx_hal_uart.o
 .text.UART_DMAError
                0x000000000800636c       0x80 ./Drivers/STM32WLxx_HAL_Driver/Src/stm32wlxx_hal_uart.o
 .text.UART_DMAAbortOnError
                0x00000000080063ec       0x2c ./Drivers/STM32WLxx_HAL_Driver/Src/stm32wlxx_hal_uart.o
 .text.UART_EndTransmit_IT
                0x0000000008006418       0x56 ./Drivers/STM32WLxx_HAL_Driver/Src/stm32wlxx_hal_uart.o
 *fill*         0x000000000800646e        0x2 
 .text.UART_RxISR_8BIT
                0x0000000008006470      0x1b8 ./Drivers/STM32WLxx_HAL_Driver/Src/stm32wlxx_hal_uart.o
 .text.UART_RxISR_16BIT
                0x0000000008006628      0x1b8 ./Drivers/STM32WLxx_HAL_Driver/Src/stm32wlxx_hal_uart.o
 .text.UART_RxISR_8BIT_FIFOEN
                0x00000000080067e0      0x360 ./Drivers/STM32WLxx_HAL_Driver/Src/stm32wlxx_hal_uart.o
 .text.UART_RxISR_16BIT_FIFOEN
                0x0000000008006b40      0x368 ./Drivers/STM32WLxx_HAL_Driver/Src/stm32wlxx_hal_uart.o
 .text.HAL_UARTEx_WakeupCallback
                0x0000000008006ea8       0x12 ./Drivers/STM32WLxx_HAL_Driver/Src/stm32wlxx_hal_uart_ex.o
                0x0000000008006ea8                HAL_UARTEx_WakeupCallback
 .text.HAL_UARTEx_RxFifoFullCallback
                0x0000000008006eba       0x12 ./Drivers/STM32WLxx_HAL_Driver/Src/stm32wlxx_hal_uart_ex.o
                0x0000000008006eba                HAL_UARTEx_RxFifoFullCallback
 .text.HAL_UARTEx_TxFifoEmptyCallback
                0x0000000008006ecc       0x12 ./Drivers/STM32WLxx_HAL_Driver/Src/stm32wlxx_hal_uart_ex.o
                0x0000000008006ecc                HAL_UARTEx_TxFifoEmptyCallback
 .text.HAL_UARTEx_StopModeWakeUpSourceConfig
                0x0000000008006ede       0xb6 ./Drivers/STM32WLxx_HAL_Driver/Src/stm32wlxx_hal_uart_ex.o
                0x0000000008006ede                HAL_UARTEx_StopModeWakeUpSourceConfig
 .text.HAL_UARTEx_EnableStopMode
                0x0000000008006f94       0x64 ./Drivers/STM32WLxx_HAL_Driver/Src/stm32wlxx_hal_uart_ex.o
                0x0000000008006f94                HAL_UARTEx_EnableStopMode
 .text.HAL_UARTEx_EnableFifoMode
                0x0000000008006ff8       0x76 ./Drivers/STM32WLxx_HAL_Driver/Src/stm32wlxx_hal_uart_ex.o
                0x0000000008006ff8                HAL_UARTEx_EnableFifoMode
 .text.HAL_UARTEx_SetTxFifoThreshold
                0x000000000800706e       0x7c ./Drivers/STM32WLxx_HAL_Driver/Src/stm32wlxx_hal_uart_ex.o
                0x000000000800706e                HAL_UARTEx_SetTxFifoThreshold
 .text.HAL_UARTEx_SetRxFifoThreshold
                0x00000000080070ea       0x7c ./Drivers/STM32WLxx_HAL_Driver/Src/stm32wlxx_hal_uart_ex.o
                0x00000000080070ea                HAL_UARTEx_SetRxFifoThreshold
 .text.UARTEx_Wakeup_AddressConfig
                0x0000000008007166       0x44 ./Drivers/STM32WLxx_HAL_Driver/Src/stm32wlxx_hal_uart_ex.o
 *fill*         0x00000000080071aa        0x2 
 .text.UARTEx_SetNbDataToProcess
                0x00000000080071ac       0x98 ./Drivers/STM32WLxx_HAL_Driver/Src/stm32wlxx_hal_uart_ex.o
 .text.LL_GPIO_SetOutputPin
                0x0000000008007244       0x1a ./Middlewares/Third_Party/SubGHz_Phy/stm32_radio_driver/radio.o
 .text.LL_GPIO_ResetOutputPin
                0x000000000800725e       0x1a ./Middlewares/Third_Party/SubGHz_Phy/stm32_radio_driver/radio.o
 .text.RadioInit
                0x0000000008007278       0xb8 ./Middlewares/Third_Party/SubGHz_Phy/stm32_radio_driver/radio.o
 .text.RadioGetStatus
                0x0000000008007330       0x2e ./Middlewares/Third_Party/SubGHz_Phy/stm32_radio_driver/radio.o
 *fill*         0x000000000800735e        0x2 
 .text.RadioSetModem
                0x0000000008007360       0xb8 ./Middlewares/Third_Party/SubGHz_Phy/stm32_radio_driver/radio.o
 .text.RadioSetChannel
                0x0000000008007418       0x16 ./Middlewares/Third_Party/SubGHz_Phy/stm32_radio_driver/radio.o
 .text.RadioIsChannelFree
                0x000000000800742e       0xb4 ./Middlewares/Third_Party/SubGHz_Phy/stm32_radio_driver/radio.o
 .text.RadioRandom
                0x00000000080074e2       0x26 ./Middlewares/Third_Party/SubGHz_Phy/stm32_radio_driver/radio.o
 .text.RadioSetRxConfig
                0x0000000008007508      0x418 ./Middlewares/Third_Party/SubGHz_Phy/stm32_radio_driver/radio.o
 .text.RadioSetTxConfig
                0x0000000008007920      0x224 ./Middlewares/Third_Party/SubGHz_Phy/stm32_radio_driver/radio.o
 .text.RadioCheckRfFrequency
                0x0000000008007b44       0x14 ./Middlewares/Third_Party/SubGHz_Phy/stm32_radio_driver/radio.o
 .text.RadioGetLoRaBandwidthInHz
                0x0000000008007b58       0xac ./Middlewares/Third_Party/SubGHz_Phy/stm32_radio_driver/radio.o
 .text.RadioGetGfskTimeOnAirNumerator
                0x0000000008007c04       0x54 ./Middlewares/Third_Party/SubGHz_Phy/stm32_radio_driver/radio.o
 .text.RadioGetLoRaTimeOnAirNumerator
                0x0000000008007c58      0x102 ./Middlewares/Third_Party/SubGHz_Phy/stm32_radio_driver/radio.o
 *fill*         0x0000000008007d5a        0x2 
 .text.RadioTimeOnAir
                0x0000000008007d5c       0xb0 ./Middlewares/Third_Party/SubGHz_Phy/stm32_radio_driver/radio.o
 .text.RadioSend
                0x0000000008007e0c      0x20c ./Middlewares/Third_Party/SubGHz_Phy/stm32_radio_driver/radio.o
 .text.RadioSleep
                0x0000000008008018       0x26 ./Middlewares/Third_Party/SubGHz_Phy/stm32_radio_driver/radio.o
 .text.RadioStandby
                0x000000000800803e        0xe ./Middlewares/Third_Party/SubGHz_Phy/stm32_radio_driver/radio.o
 .text.RadioRx  0x000000000800804c       0x8c ./Middlewares/Third_Party/SubGHz_Phy/stm32_radio_driver/radio.o
 .text.RadioRxBoosted
                0x00000000080080d8       0x8c ./Middlewares/Third_Party/SubGHz_Phy/stm32_radio_driver/radio.o
 .text.RadioSetRxDutyCycle
                0x0000000008008164       0x48 ./Middlewares/Third_Party/SubGHz_Phy/stm32_radio_driver/radio.o
 .text.RadioStartCad
                0x00000000080081ac       0x30 ./Middlewares/Third_Party/SubGHz_Phy/stm32_radio_driver/radio.o
 .text.RadioSetTxContinuousWave
                0x00000000080081dc       0x64 ./Middlewares/Third_Party/SubGHz_Phy/stm32_radio_driver/radio.o
 .text.RadioRssi
                0x0000000008008240       0x1a ./Middlewares/Third_Party/SubGHz_Phy/stm32_radio_driver/radio.o
 .text.RadioWrite
                0x000000000800825a       0x24 ./Middlewares/Third_Party/SubGHz_Phy/stm32_radio_driver/radio.o
 .text.RadioRead
                0x000000000800827e       0x1c ./Middlewares/Third_Party/SubGHz_Phy/stm32_radio_driver/radio.o
 .text.RadioWriteRegisters
                0x000000000800829a       0x26 ./Middlewares/Third_Party/SubGHz_Phy/stm32_radio_driver/radio.o
 .text.RadioReadRegisters
                0x00000000080082c0       0x26 ./Middlewares/Third_Party/SubGHz_Phy/stm32_radio_driver/radio.o
 *fill*         0x00000000080082e6        0x2 
 .text.RadioSetMaxPayloadLength
                0x00000000080082e8       0x5c ./Middlewares/Third_Party/SubGHz_Phy/stm32_radio_driver/radio.o
 .text.RadioSetPublicNetwork
                0x0000000008008344       0x5c ./Middlewares/Third_Party/SubGHz_Phy/stm32_radio_driver/radio.o
 .text.RadioGetWakeupTime
                0x00000000080083a0       0x10 ./Middlewares/Third_Party/SubGHz_Phy/stm32_radio_driver/radio.o
 .text.RadioOnTxTimeoutIrq
                0x00000000080083b0       0x14 ./Middlewares/Third_Party/SubGHz_Phy/stm32_radio_driver/radio.o
 .text.RadioOnRxTimeoutIrq
                0x00000000080083c4       0x14 ./Middlewares/Third_Party/SubGHz_Phy/stm32_radio_driver/radio.o
 .text.RadioOnTxTimeoutProcess
                0x00000000080083d8       0x34 ./Middlewares/Third_Party/SubGHz_Phy/stm32_radio_driver/radio.o
 .text.RadioOnRxTimeoutProcess
                0x000000000800840c       0x34 ./Middlewares/Third_Party/SubGHz_Phy/stm32_radio_driver/radio.o
 .text.RadioOnDioIrq
                0x0000000008008440       0x24 ./Middlewares/Third_Party/SubGHz_Phy/stm32_radio_driver/radio.o
 .text.RadioIrqProcess
                0x0000000008008464      0x478 ./Middlewares/Third_Party/SubGHz_Phy/stm32_radio_driver/radio.o
 .text.RadioTxPrbs
                0x00000000080088dc       0x38 ./Middlewares/Third_Party/SubGHz_Phy/stm32_radio_driver/radio.o
 .text.RadioTxCw
                0x0000000008008914       0x38 ./Middlewares/Third_Party/SubGHz_Phy/stm32_radio_driver/radio.o
 .text.payload_integration
                0x000000000800894c      0x120 ./Middlewares/Third_Party/SubGHz_Phy/stm32_radio_driver/radio.o
 .text.RadioSetRxGenericConfig
                0x0000000008008a6c      0x388 ./Middlewares/Third_Party/SubGHz_Phy/stm32_radio_driver/radio.o
 .text.RadioSetTxGenericConfig
                0x0000000008008df4      0x46c ./Middlewares/Third_Party/SubGHz_Phy/stm32_radio_driver/radio.o
 .text.RadioLrFhssSetCfg
                0x0000000008009260       0x18 ./Middlewares/Third_Party/SubGHz_Phy/stm32_radio_driver/radio.o
 .text.RadioLrFhssGetTimeOnAirInMs
                0x0000000008009278       0x16 ./Middlewares/Third_Party/SubGHz_Phy/stm32_radio_driver/radio.o
 *fill*         0x000000000800928e        0x2 
 .text.SUBGRF_Init
                0x0000000008009290       0x90 ./Middlewares/Third_Party/SubGHz_Phy/stm32_radio_driver/radio_driver.o
                0x0000000008009290                SUBGRF_Init
 .text.SUBGRF_GetOperatingMode
                0x0000000008009320       0x14 ./Middlewares/Third_Party/SubGHz_Phy/stm32_radio_driver/radio_driver.o
                0x0000000008009320                SUBGRF_GetOperatingMode
 .text.SUBGRF_SetPayload
                0x0000000008009334       0x20 ./Middlewares/Third_Party/SubGHz_Phy/stm32_radio_driver/radio_driver.o
                0x0000000008009334                SUBGRF_SetPayload
 .text.SUBGRF_GetPayload
                0x0000000008009354       0x44 ./Middlewares/Third_Party/SubGHz_Phy/stm32_radio_driver/radio_driver.o
                0x0000000008009354                SUBGRF_GetPayload
 .text.SUBGRF_SendPayload
                0x0000000008009398       0x26 ./Middlewares/Third_Party/SubGHz_Phy/stm32_radio_driver/radio_driver.o
                0x0000000008009398                SUBGRF_SendPayload
 .text.SUBGRF_SetSyncWord
                0x00000000080093be       0x1e ./Middlewares/Third_Party/SubGHz_Phy/stm32_radio_driver/radio_driver.o
                0x00000000080093be                SUBGRF_SetSyncWord
 .text.SUBGRF_SetCrcSeed
                0x00000000080093dc       0x40 ./Middlewares/Third_Party/SubGHz_Phy/stm32_radio_driver/radio_driver.o
                0x00000000080093dc                SUBGRF_SetCrcSeed
 .text.SUBGRF_SetCrcPolynomial
                0x000000000800941c       0x40 ./Middlewares/Third_Party/SubGHz_Phy/stm32_radio_driver/radio_driver.o
                0x000000000800941c                SUBGRF_SetCrcPolynomial
 .text.SUBGRF_SetWhiteningSeed
                0x000000000800945c       0x66 ./Middlewares/Third_Party/SubGHz_Phy/stm32_radio_driver/radio_driver.o
                0x000000000800945c                SUBGRF_SetWhiteningSeed
 .text.SUBGRF_GetRandom
                0x00000000080094c2       0x8c ./Middlewares/Third_Party/SubGHz_Phy/stm32_radio_driver/radio_driver.o
                0x00000000080094c2                SUBGRF_GetRandom
 *fill*         0x000000000800954e        0x2 
 .text.SUBGRF_SetSleep
                0x0000000008009550       0x64 ./Middlewares/Third_Party/SubGHz_Phy/stm32_radio_driver/radio_driver.o
                0x0000000008009550                SUBGRF_SetSleep
 .text.SUBGRF_SetStandby
                0x00000000080095b4       0x38 ./Middlewares/Third_Party/SubGHz_Phy/stm32_radio_driver/radio_driver.o
                0x00000000080095b4                SUBGRF_SetStandby
 .text.SUBGRF_SetTx
                0x00000000080095ec       0x40 ./Middlewares/Third_Party/SubGHz_Phy/stm32_radio_driver/radio_driver.o
                0x00000000080095ec                SUBGRF_SetTx
 .text.SUBGRF_SetRx
                0x000000000800962c       0x40 ./Middlewares/Third_Party/SubGHz_Phy/stm32_radio_driver/radio_driver.o
                0x000000000800962c                SUBGRF_SetRx
 .text.SUBGRF_SetRxBoosted
                0x000000000800966c       0x48 ./Middlewares/Third_Party/SubGHz_Phy/stm32_radio_driver/radio_driver.o
                0x000000000800966c                SUBGRF_SetRxBoosted
 .text.SUBGRF_SetRxDutyCycle
                0x00000000080096b4       0x58 ./Middlewares/Third_Party/SubGHz_Phy/stm32_radio_driver/radio_driver.o
                0x00000000080096b4                SUBGRF_SetRxDutyCycle
 .text.SUBGRF_SetCad
                0x000000000800970c       0x1c ./Middlewares/Third_Party/SubGHz_Phy/stm32_radio_driver/radio_driver.o
                0x000000000800970c                SUBGRF_SetCad
 .text.SUBGRF_SetTxContinuousWave
                0x0000000008009728       0x12 ./Middlewares/Third_Party/SubGHz_Phy/stm32_radio_driver/radio_driver.o
                0x0000000008009728                SUBGRF_SetTxContinuousWave
 .text.SUBGRF_SetTxInfinitePreamble
                0x000000000800973a       0x12 ./Middlewares/Third_Party/SubGHz_Phy/stm32_radio_driver/radio_driver.o
                0x000000000800973a                SUBGRF_SetTxInfinitePreamble
 .text.SUBGRF_SetStopRxTimerOnPreambleDetect
                0x000000000800974c       0x1e ./Middlewares/Third_Party/SubGHz_Phy/stm32_radio_driver/radio_driver.o
                0x000000000800974c                SUBGRF_SetStopRxTimerOnPreambleDetect
 .text.SUBGRF_SetLoRaSymbNumTimeout
                0x000000000800976a       0x5e ./Middlewares/Third_Party/SubGHz_Phy/stm32_radio_driver/radio_driver.o
                0x000000000800976a                SUBGRF_SetLoRaSymbNumTimeout
 .text.SUBGRF_SetRegulatorMode
                0x00000000080097c8       0x2e ./Middlewares/Third_Party/SubGHz_Phy/stm32_radio_driver/radio_driver.o
                0x00000000080097c8                SUBGRF_SetRegulatorMode
 .text.SUBGRF_Calibrate
                0x00000000080097f6       0x8c ./Middlewares/Third_Party/SubGHz_Phy/stm32_radio_driver/radio_driver.o
                0x00000000080097f6                SUBGRF_Calibrate
 *fill*         0x0000000008009882        0x2 
 .text.SUBGRF_CalibrateImage
                0x0000000008009884       0x94 ./Middlewares/Third_Party/SubGHz_Phy/stm32_radio_driver/radio_driver.o
                0x0000000008009884                SUBGRF_CalibrateImage
 .text.SUBGRF_SetPaConfig
                0x0000000008009918       0x44 ./Middlewares/Third_Party/SubGHz_Phy/stm32_radio_driver/radio_driver.o
                0x0000000008009918                SUBGRF_SetPaConfig
 .text.SUBGRF_SetDioIrqParams
                0x000000000800995c       0x74 ./Middlewares/Third_Party/SubGHz_Phy/stm32_radio_driver/radio_driver.o
                0x000000000800995c                SUBGRF_SetDioIrqParams
 .text.SUBGRF_SetTcxoMode
                0x00000000080099d0       0x42 ./Middlewares/Third_Party/SubGHz_Phy/stm32_radio_driver/radio_driver.o
                0x00000000080099d0                SUBGRF_SetTcxoMode
 *fill*         0x0000000008009a12        0x2 
 .text.SUBGRF_SetRfFrequency
                0x0000000008009a14       0x8c ./Middlewares/Third_Party/SubGHz_Phy/stm32_radio_driver/radio_driver.o
                0x0000000008009a14                SUBGRF_SetRfFrequency
 .text.SUBGRF_SetPacketType
                0x0000000008009aa0       0x38 ./Middlewares/Third_Party/SubGHz_Phy/stm32_radio_driver/radio_driver.o
                0x0000000008009aa0                SUBGRF_SetPacketType
 .text.SUBGRF_GetPacketType
                0x0000000008009ad8       0x14 ./Middlewares/Third_Party/SubGHz_Phy/stm32_radio_driver/radio_driver.o
                0x0000000008009ad8                SUBGRF_GetPacketType
 .text.SUBGRF_SetTxParams
                0x0000000008009aec      0x19a ./Middlewares/Third_Party/SubGHz_Phy/stm32_radio_driver/radio_driver.o
                0x0000000008009aec                SUBGRF_SetTxParams
 *fill*         0x0000000008009c86        0x2 
 .text.SUBGRF_SetModulationParams
                0x0000000008009c88      0x1a4 ./Middlewares/Third_Party/SubGHz_Phy/stm32_radio_driver/radio_driver.o
                0x0000000008009c88                SUBGRF_SetModulationParams
 .text.SUBGRF_SetPacketParams
                0x0000000008009e2c      0x13c ./Middlewares/Third_Party/SubGHz_Phy/stm32_radio_driver/radio_driver.o
                0x0000000008009e2c                SUBGRF_SetPacketParams
 .text.SUBGRF_SetBufferBaseAddress
                0x0000000008009f68       0x2e ./Middlewares/Third_Party/SubGHz_Phy/stm32_radio_driver/radio_driver.o
                0x0000000008009f68                SUBGRF_SetBufferBaseAddress
 .text.SUBGRF_GetRssiInst
                0x0000000008009f96       0x2a ./Middlewares/Third_Party/SubGHz_Phy/stm32_radio_driver/radio_driver.o
                0x0000000008009f96                SUBGRF_GetRssiInst
 .text.SUBGRF_GetRxBufferStatus
                0x0000000008009fc0       0x58 ./Middlewares/Third_Party/SubGHz_Phy/stm32_radio_driver/radio_driver.o
                0x0000000008009fc0                SUBGRF_GetRxBufferStatus
 .text.SUBGRF_GetPacketStatus
                0x000000000800a018       0xa4 ./Middlewares/Third_Party/SubGHz_Phy/stm32_radio_driver/radio_driver.o
                0x000000000800a018                SUBGRF_GetPacketStatus
 .text.SUBGRF_WriteRegister
                0x000000000800a0bc       0x28 ./Middlewares/Third_Party/SubGHz_Phy/stm32_radio_driver/radio_driver.o
                0x000000000800a0bc                SUBGRF_WriteRegister
 .text.SUBGRF_ReadRegister
                0x000000000800a0e4       0x28 ./Middlewares/Third_Party/SubGHz_Phy/stm32_radio_driver/radio_driver.o
                0x000000000800a0e4                SUBGRF_ReadRegister
 .text.SUBGRF_WriteRegisters
                0x000000000800a10c       0x44 ./Middlewares/Third_Party/SubGHz_Phy/stm32_radio_driver/radio_driver.o
                0x000000000800a10c                SUBGRF_WriteRegisters
 .text.SUBGRF_ReadRegisters
                0x000000000800a150       0x44 ./Middlewares/Third_Party/SubGHz_Phy/stm32_radio_driver/radio_driver.o
                0x000000000800a150                SUBGRF_ReadRegisters
 .text.SUBGRF_WriteBuffer
                0x000000000800a194       0x44 ./Middlewares/Third_Party/SubGHz_Phy/stm32_radio_driver/radio_driver.o
                0x000000000800a194                SUBGRF_WriteBuffer
 .text.SUBGRF_ReadBuffer
                0x000000000800a1d8       0x44 ./Middlewares/Third_Party/SubGHz_Phy/stm32_radio_driver/radio_driver.o
                0x000000000800a1d8                SUBGRF_ReadBuffer
 .text.SUBGRF_WriteCommand
                0x000000000800a21c       0x44 ./Middlewares/Third_Party/SubGHz_Phy/stm32_radio_driver/radio_driver.o
                0x000000000800a21c                SUBGRF_WriteCommand
 .text.SUBGRF_ReadCommand
                0x000000000800a260       0x44 ./Middlewares/Third_Party/SubGHz_Phy/stm32_radio_driver/radio_driver.o
                0x000000000800a260                SUBGRF_ReadCommand
 .text.SUBGRF_SetSwitch
                0x000000000800a2a4       0x50 ./Middlewares/Third_Party/SubGHz_Phy/stm32_radio_driver/radio_driver.o
                0x000000000800a2a4                SUBGRF_SetSwitch
 .text.SUBGRF_SetRfTxPower
                0x000000000800a2f4       0x68 ./Middlewares/Third_Party/SubGHz_Phy/stm32_radio_driver/radio_driver.o
                0x000000000800a2f4                SUBGRF_SetRfTxPower
 .text.SUBGRF_GetRadioWakeUpTime
                0x000000000800a35c        0xe ./Middlewares/Third_Party/SubGHz_Phy/stm32_radio_driver/radio_driver.o
                0x000000000800a35c                SUBGRF_GetRadioWakeUpTime
 *fill*         0x000000000800a36a        0x2 
 .text.HAL_SUBGHZ_TxCpltCallback
                0x000000000800a36c       0x1c ./Middlewares/Third_Party/SubGHz_Phy/stm32_radio_driver/radio_driver.o
                0x000000000800a36c                HAL_SUBGHZ_TxCpltCallback
 .text.HAL_SUBGHZ_RxCpltCallback
                0x000000000800a388       0x1c ./Middlewares/Third_Party/SubGHz_Phy/stm32_radio_driver/radio_driver.o
                0x000000000800a388                HAL_SUBGHZ_RxCpltCallback
 .text.HAL_SUBGHZ_CRCErrorCallback
                0x000000000800a3a4       0x1c ./Middlewares/Third_Party/SubGHz_Phy/stm32_radio_driver/radio_driver.o
                0x000000000800a3a4                HAL_SUBGHZ_CRCErrorCallback
 .text.HAL_SUBGHZ_CADStatusCallback
                0x000000000800a3c0       0x3c ./Middlewares/Third_Party/SubGHz_Phy/stm32_radio_driver/radio_driver.o
                0x000000000800a3c0                HAL_SUBGHZ_CADStatusCallback
 .text.HAL_SUBGHZ_RxTxTimeoutCallback
                0x000000000800a3fc       0x20 ./Middlewares/Third_Party/SubGHz_Phy/stm32_radio_driver/radio_driver.o
                0x000000000800a3fc                HAL_SUBGHZ_RxTxTimeoutCallback
 .text.HAL_SUBGHZ_HeaderErrorCallback
                0x000000000800a41c       0x1c ./Middlewares/Third_Party/SubGHz_Phy/stm32_radio_driver/radio_driver.o
                0x000000000800a41c                HAL_SUBGHZ_HeaderErrorCallback
 .text.HAL_SUBGHZ_PreambleDetectedCallback
                0x000000000800a438       0x1c ./Middlewares/Third_Party/SubGHz_Phy/stm32_radio_driver/radio_driver.o
                0x000000000800a438                HAL_SUBGHZ_PreambleDetectedCallback
 .text.HAL_SUBGHZ_SyncWordValidCallback
                0x000000000800a454       0x1c ./Middlewares/Third_Party/SubGHz_Phy/stm32_radio_driver/radio_driver.o
                0x000000000800a454                HAL_SUBGHZ_SyncWordValidCallback
 .text.HAL_SUBGHZ_HeaderValidCallback
                0x000000000800a470       0x1c ./Middlewares/Third_Party/SubGHz_Phy/stm32_radio_driver/radio_driver.o
                0x000000000800a470                HAL_SUBGHZ_HeaderValidCallback
 .text.HAL_SUBGHZ_LrFhssHopCallback
                0x000000000800a48c       0x20 ./Middlewares/Third_Party/SubGHz_Phy/stm32_radio_driver/radio_driver.o
                0x000000000800a48c                HAL_SUBGHZ_LrFhssHopCallback
 .text.Radio_SMPS_Set
                0x000000000800a4ac       0x42 ./Middlewares/Third_Party/SubGHz_Phy/stm32_radio_driver/radio_driver.o
 *fill*         0x000000000800a4ee        0x2 
 .text.SUBGRF_GetFskBandwidthRegValue
                0x000000000800a4f0       0x50 ./Middlewares/Third_Party/SubGHz_Phy/stm32_radio_driver/radio_driver.o
                0x000000000800a4f0                SUBGRF_GetFskBandwidthRegValue
 .text.SUBGRF_GetCFO
                0x000000000800a540       0xe8 ./Middlewares/Third_Party/SubGHz_Phy/stm32_radio_driver/radio_driver.o
                0x000000000800a540                SUBGRF_GetCFO
 .text.RFW_TransmitLongPacket
                0x000000000800a628       0x24 ./Middlewares/Third_Party/SubGHz_Phy/stm32_radio_driver/radio_fw.o
                0x000000000800a628                RFW_TransmitLongPacket
 .text.RFW_ReceiveLongPacket
                0x000000000800a64c       0x24 ./Middlewares/Third_Party/SubGHz_Phy/stm32_radio_driver/radio_fw.o
                0x000000000800a64c                RFW_ReceiveLongPacket
 .text.RFW_Init
                0x000000000800a670       0x1a ./Middlewares/Third_Party/SubGHz_Phy/stm32_radio_driver/radio_fw.o
                0x000000000800a670                RFW_Init
 .text.RFW_DeInit
                0x000000000800a68a        0xc ./Middlewares/Third_Party/SubGHz_Phy/stm32_radio_driver/radio_fw.o
                0x000000000800a68a                RFW_DeInit
 .text.RFW_Is_Init
                0x000000000800a696        0xe ./Middlewares/Third_Party/SubGHz_Phy/stm32_radio_driver/radio_fw.o
                0x000000000800a696                RFW_Is_Init
 .text.RFW_Is_LongPacketModeEnabled
                0x000000000800a6a4        0xe ./Middlewares/Third_Party/SubGHz_Phy/stm32_radio_driver/radio_fw.o
                0x000000000800a6a4                RFW_Is_LongPacketModeEnabled
 .text.RFW_SetAntSwitch
                0x000000000800a6b2       0x14 ./Middlewares/Third_Party/SubGHz_Phy/stm32_radio_driver/radio_fw.o
                0x000000000800a6b2                RFW_SetAntSwitch
 .text.RFW_TransmitInit
                0x000000000800a6c6       0x20 ./Middlewares/Third_Party/SubGHz_Phy/stm32_radio_driver/radio_fw.o
                0x000000000800a6c6                RFW_TransmitInit
 .text.RFW_ReceiveInit
                0x000000000800a6e6       0x10 ./Middlewares/Third_Party/SubGHz_Phy/stm32_radio_driver/radio_fw.o
                0x000000000800a6e6                RFW_ReceiveInit
 .text.RFW_DeInit_TxLongPacket
                0x000000000800a6f6        0xc ./Middlewares/Third_Party/SubGHz_Phy/stm32_radio_driver/radio_fw.o
                0x000000000800a6f6                RFW_DeInit_TxLongPacket
 .text.RFW_ReceivePayload
                0x000000000800a702        0xc ./Middlewares/Third_Party/SubGHz_Phy/stm32_radio_driver/radio_fw.o
                0x000000000800a702                RFW_ReceivePayload
 .text.RFW_SetRadioModem
                0x000000000800a70e       0x14 ./Middlewares/Third_Party/SubGHz_Phy/stm32_radio_driver/radio_fw.o
                0x000000000800a70e                RFW_SetRadioModem
 .text.MX_SubGHz_Phy_Init
                0x000000000800a722       0x10 ./SubGHz_Phy/App/app_subghz_phy.o
                0x000000000800a722                MX_SubGHz_Phy_Init
 .text.MX_SubGHz_Phy_Process
                0x000000000800a732       0x10 ./SubGHz_Phy/App/app_subghz_phy.o
                0x000000000800a732                MX_SubGHz_Phy_Process
 *fill*         0x000000000800a742        0x2 
 .text.SubghzApp_Init
                0x000000000800a744      0x1d4 ./SubGHz_Phy/App/subghz_phy_app.o
                0x000000000800a744                SubghzApp_Init
 .text.OnTxDone
                0x000000000800a918       0x2c ./SubGHz_Phy/App/subghz_phy_app.o
 .text.OnRxDone
                0x000000000800a944      0x114 ./SubGHz_Phy/App/subghz_phy_app.o
 .text.OnTxTimeout
                0x000000000800aa58       0x2c ./SubGHz_Phy/App/subghz_phy_app.o
 .text.OnRxTimeout
                0x000000000800aa84       0x2c ./SubGHz_Phy/App/subghz_phy_app.o
 .text.OnRxError
                0x000000000800aab0       0x2c ./SubGHz_Phy/App/subghz_phy_app.o
 .text.PingPong_Process
                0x000000000800aadc      0x234 ./SubGHz_Phy/App/subghz_phy_app.o
 .text.OnledEvent
                0x000000000800ad10       0x28 ./SubGHz_Phy/App/subghz_phy_app.o
 .text.RBI_Init
                0x000000000800ad38       0x16 ./SubGHz_Phy/Target/radio_board_if.o
                0x000000000800ad38                RBI_Init
 .text.RBI_ConfigRFSwitch
                0x000000000800ad4e       0x20 ./SubGHz_Phy/Target/radio_board_if.o
                0x000000000800ad4e                RBI_ConfigRFSwitch
 .text.RBI_GetTxConfig
                0x000000000800ad6e       0x16 ./SubGHz_Phy/Target/radio_board_if.o
                0x000000000800ad6e                RBI_GetTxConfig
 .text.RBI_IsTCXO
                0x000000000800ad84       0x16 ./SubGHz_Phy/Target/radio_board_if.o
                0x000000000800ad84                RBI_IsTCXO
 .text.RBI_IsDCDC
                0x000000000800ad9a       0x16 ./SubGHz_Phy/Target/radio_board_if.o
                0x000000000800ad9a                RBI_IsDCDC
 .text.RBI_GetRFOMaxPowerConfig
                0x000000000800adb0       0x2a ./SubGHz_Phy/Target/radio_board_if.o
                0x000000000800adb0                RBI_GetRFOMaxPowerConfig
 *fill*         0x000000000800adda        0x2 
 .text.UTIL_LPM_Init
                0x000000000800addc       0x20 ./Utilities/lpm/tiny_lpm/stm32_lpm.o
                0x000000000800addc                UTIL_LPM_Init
 .text.UTIL_LPM_SetStopMode
                0x000000000800adfc       0x60 ./Utilities/lpm/tiny_lpm/stm32_lpm.o
                0x000000000800adfc                UTIL_LPM_SetStopMode
 .text.UTIL_LPM_SetOffMode
                0x000000000800ae5c       0x60 ./Utilities/lpm/tiny_lpm/stm32_lpm.o
                0x000000000800ae5c                UTIL_LPM_SetOffMode
 .text.UTIL_LPM_EnterLowPower
                0x000000000800aebc       0x6c ./Utilities/lpm/tiny_lpm/stm32_lpm.o
                0x000000000800aebc                UTIL_LPM_EnterLowPower
 .text.UTIL_MEM_cpy_8
                0x000000000800af28       0x3e ./Utilities/misc/stm32_mem.o
                0x000000000800af28                UTIL_MEM_cpy_8
 .text.UTIL_MEM_set_8
                0x000000000800af66       0x36 ./Utilities/misc/stm32_mem.o
                0x000000000800af66                UTIL_MEM_set_8
 .text.SysTimeAdd
                0x000000000800af9c       0x72 ./Utilities/misc/stm32_systime.o
                0x000000000800af9c                SysTimeAdd
 *fill*         0x000000000800b00e        0x2 
 .text.SysTimeGet
                0x000000000800b010       0x70 ./Utilities/misc/stm32_systime.o
                0x000000000800b010                SysTimeGet
 .text.ee_skip_atoi
                0x000000000800b080       0x4c ./Utilities/misc/stm32_tiny_vsnprintf.o
 .text.ee_number
                0x000000000800b0cc      0x1dc ./Utilities/misc/stm32_tiny_vsnprintf.o
 .text.tiny_vsnprintf_like
                0x000000000800b2a8      0x2a4 ./Utilities/misc/stm32_tiny_vsnprintf.o
                0x000000000800b2a8                tiny_vsnprintf_like
 .text.UTIL_SEQ_Run
                0x000000000800b54c      0x1f8 ./Utilities/sequencer/stm32_seq.o
                0x000000000800b54c                UTIL_SEQ_Run
 .text.UTIL_SEQ_RegTask
                0x000000000800b744       0x44 ./Utilities/sequencer/stm32_seq.o
                0x000000000800b744                UTIL_SEQ_RegTask
 .text.UTIL_SEQ_SetTask
                0x000000000800b788       0x58 ./Utilities/sequencer/stm32_seq.o
                0x000000000800b788                UTIL_SEQ_SetTask
 .text.UTIL_SEQ_PreIdle
                0x000000000800b7e0        0xc ./Utilities/sequencer/stm32_seq.o
                0x000000000800b7e0                UTIL_SEQ_PreIdle
 .text.UTIL_SEQ_PostIdle
                0x000000000800b7ec        0xc ./Utilities/sequencer/stm32_seq.o
                0x000000000800b7ec                UTIL_SEQ_PostIdle
 .text.SEQ_BitPosition
                0x000000000800b7f8       0x74 ./Utilities/sequencer/stm32_seq.o
                0x000000000800b7f8                SEQ_BitPosition
 .text.UTIL_TIMER_Init
                0x000000000800b86c       0x20 ./Utilities/timer/stm32_timer.o
                0x000000000800b86c                UTIL_TIMER_Init
 .text.UTIL_TIMER_Create
                0x000000000800b88c       0x6c ./Utilities/timer/stm32_timer.o
                0x000000000800b88c                UTIL_TIMER_Create
 .text.UTIL_TIMER_Start
                0x000000000800b8f8       0xdc ./Utilities/timer/stm32_timer.o
                0x000000000800b8f8                UTIL_TIMER_Start
 .text.UTIL_TIMER_Stop
                0x000000000800b9d4       0xe0 ./Utilities/timer/stm32_timer.o
                0x000000000800b9d4                UTIL_TIMER_Stop
 .text.UTIL_TIMER_SetPeriod
                0x000000000800bab4       0x54 ./Utilities/timer/stm32_timer.o
                0x000000000800bab4                UTIL_TIMER_SetPeriod
 .text.UTIL_TIMER_IRQ_Handler
                0x000000000800bb08      0x100 ./Utilities/timer/stm32_timer.o
                0x000000000800bb08                UTIL_TIMER_IRQ_Handler
 .text.UTIL_TIMER_GetCurrentTime
                0x000000000800bc08       0x24 ./Utilities/timer/stm32_timer.o
                0x000000000800bc08                UTIL_TIMER_GetCurrentTime
 .text.UTIL_TIMER_GetElapsedTime
                0x000000000800bc2c       0x38 ./Utilities/timer/stm32_timer.o
                0x000000000800bc2c                UTIL_TIMER_GetElapsedTime
 .text.TimerExists
                0x000000000800bc64       0x38 ./Utilities/timer/stm32_timer.o
                0x000000000800bc64                TimerExists
 .text.TimerSetTimeout
                0x000000000800bc9c       0x54 ./Utilities/timer/stm32_timer.o
                0x000000000800bc9c                TimerSetTimeout
 .text.TimerInsertTimer
                0x000000000800bcf0       0x60 ./Utilities/timer/stm32_timer.o
                0x000000000800bcf0                TimerInsertTimer
 .text.TimerInsertNewHeadTimer
                0x000000000800bd50       0x3c ./Utilities/timer/stm32_timer.o
                0x000000000800bd50                TimerInsertNewHeadTimer
 .text.UTIL_ADV_TRACE_Init
                0x000000000800bd8c       0x38 ./Utilities/trace/adv_trace/stm32_adv_trace.o
                0x000000000800bd8c                UTIL_ADV_TRACE_Init
 .text.UTIL_ADV_TRACE_COND_FSend
                0x000000000800bdc4      0x100 ./Utilities/trace/adv_trace/stm32_adv_trace.o
                0x000000000800bdc4                UTIL_ADV_TRACE_COND_FSend
 .text.UTIL_ADV_TRACE_RegisterTimeStampFunction
                0x000000000800bec4       0x1c ./Utilities/trace/adv_trace/stm32_adv_trace.o
                0x000000000800bec4                UTIL_ADV_TRACE_RegisterTimeStampFunction
 .text.UTIL_ADV_TRACE_SetVerboseLevel
                0x000000000800bee0       0x20 ./Utilities/trace/adv_trace/stm32_adv_trace.o
                0x000000000800bee0                UTIL_ADV_TRACE_SetVerboseLevel
 .text.TRACE_Send
                0x000000000800bf00      0x108 ./Utilities/trace/adv_trace/stm32_adv_trace.o
 .text.TRACE_TxCpltCallback
                0x000000000800c008      0x118 ./Utilities/trace/adv_trace/stm32_adv_trace.o
 .text.TRACE_AllocateBufer
                0x000000000800c120       0xfc ./Utilities/trace/adv_trace/stm32_adv_trace.o
 .text.TRACE_Lock
                0x000000000800c21c       0x3c ./Utilities/trace/adv_trace/stm32_adv_trace.o
 .text.TRACE_UnLock
                0x000000000800c258       0x3c ./Utilities/trace/adv_trace/stm32_adv_trace.o
 .text.TRACE_IsLocked
                0x000000000800c294       0x20 ./Utilities/trace/adv_trace/stm32_adv_trace.o
 .text.memset   0x000000000800c2b4       0x10 C:/Program Files/STMicroelectronics/STM32Cube/STM32CubeIDE/plugins/com.st.stm32cube.ide.mcu.externaltools.gnu-tools-for-stm32.11.3.rel1.win32_1.1.100.202309141235/tools/bin/../lib/gcc/arm-none-eabi/11.3.1/../../../../arm-none-eabi/lib/thumb/v7e-m/nofp\libc_nano.a(libc_a-memset.o)
                0x000000000800c2b4                memset
 .text.strncmp  0x000000000800c2c4       0x24 C:/Program Files/STMicroelectronics/STM32Cube/STM32CubeIDE/plugins/com.st.stm32cube.ide.mcu.externaltools.gnu-tools-for-stm32.11.3.rel1.win32_1.1.100.202309141235/tools/bin/../lib/gcc/arm-none-eabi/11.3.1/../../../../arm-none-eabi/lib/thumb/v7e-m/nofp\libc_nano.a(libc_a-strncmp.o)
                0x000000000800c2c4                strncmp
 .text.__libc_init_array
                0x000000000800c2e8       0x48 C:/Program Files/STMicroelectronics/STM32Cube/STM32CubeIDE/plugins/com.st.stm32cube.ide.mcu.externaltools.gnu-tools-for-stm32.11.3.rel1.win32_1.1.100.202309141235/tools/bin/../lib/gcc/arm-none-eabi/11.3.1/../../../../arm-none-eabi/lib/thumb/v7e-m/nofp\libc_nano.a(libc_a-init.o)
                0x000000000800c2e8                __libc_init_array
 .text.memcpy   0x000000000800c330       0x1c C:/Program Files/STMicroelectronics/STM32Cube/STM32CubeIDE/plugins/com.st.stm32cube.ide.mcu.externaltools.gnu-tools-for-stm32.11.3.rel1.win32_1.1.100.202309141235/tools/bin/../lib/gcc/arm-none-eabi/11.3.1/../../../../arm-none-eabi/lib/thumb/v7e-m/nofp\libc_nano.a(libc_a-memcpy-stub.o)
                0x000000000800c330                memcpy
 *(.glue_7)
 .glue_7        0x000000000800c34c        0x0 linker stubs
 *(.glue_7t)
 .glue_7t       0x000000000800c34c        0x0 linker stubs
 *(.eh_frame)
 .eh_frame      0x000000000800c34c        0x0 C:/Program Files/STMicroelectronics/STM32Cube/STM32CubeIDE/plugins/com.st.stm32cube.ide.mcu.externaltools.gnu-tools-for-stm32.11.3.rel1.win32_1.1.100.202309141235/tools/bin/../lib/gcc/arm-none-eabi/11.3.1/thumb/v7e-m/nofp/crtbegin.o
 *(.init)
 .init          0x000000000800c34c        0x4 C:/Program Files/STMicroelectronics/STM32Cube/STM32CubeIDE/plugins/com.st.stm32cube.ide.mcu.externaltools.gnu-tools-for-stm32.11.3.rel1.win32_1.1.100.202309141235/tools/bin/../lib/gcc/arm-none-eabi/11.3.1/thumb/v7e-m/nofp/crti.o
                0x000000000800c34c                _init
 .init          0x000000000800c350        0x8 C:/Program Files/STMicroelectronics/STM32Cube/STM32CubeIDE/plugins/com.st.stm32cube.ide.mcu.externaltools.gnu-tools-for-stm32.11.3.rel1.win32_1.1.100.202309141235/tools/bin/../lib/gcc/arm-none-eabi/11.3.1/thumb/v7e-m/nofp/crtn.o
 *(.fini)
 .fini          0x000000000800c358        0x4 C:/Program Files/STMicroelectronics/STM32Cube/STM32CubeIDE/plugins/com.st.stm32cube.ide.mcu.externaltools.gnu-tools-for-stm32.11.3.rel1.win32_1.1.100.202309141235/tools/bin/../lib/gcc/arm-none-eabi/11.3.1/thumb/v7e-m/nofp/crti.o
                0x000000000800c358                _fini
 .fini          0x000000000800c35c        0x8 C:/Program Files/STMicroelectronics/STM32Cube/STM32CubeIDE/plugins/com.st.stm32cube.ide.mcu.externaltools.gnu-tools-for-stm32.11.3.rel1.win32_1.1.100.202309141235/tools/bin/../lib/gcc/arm-none-eabi/11.3.1/thumb/v7e-m/nofp/crtn.o
                0x000000000800c364                . = ALIGN (0x4)
                0x000000000800c364                _etext = .

.vfp11_veneer   0x000000000800c364        0x0
 .vfp11_veneer  0x000000000800c364        0x0 linker stubs

.v4_bx          0x000000000800c364        0x0
 .v4_bx         0x000000000800c364        0x0 linker stubs

.iplt           0x000000000800c364        0x0
 .iplt          0x000000000800c364        0x0 C:/Program Files/STMicroelectronics/STM32Cube/STM32CubeIDE/plugins/com.st.stm32cube.ide.mcu.externaltools.gnu-tools-for-stm32.11.3.rel1.win32_1.1.100.202309141235/tools/bin/../lib/gcc/arm-none-eabi/11.3.1/thumb/v7e-m/nofp/crtbegin.o

.rodata         0x000000000800c364      0x54c
                0x000000000800c364                . = ALIGN (0x4)
 *(.rodata)
 .rodata        0x000000000800c364        0x9 ./Core/Src/sys_app.o
 *fill*         0x000000000800c36d        0x3 
 .rodata        0x000000000800c370       0x1c ./Drivers/STM32WLxx_HAL_Driver/Src/stm32wlxx_hal_rcc.o
 .rodata        0x000000000800c38c       0x7c ./Middlewares/Third_Party/SubGHz_Phy/stm32_radio_driver/radio.o
 .rodata        0x000000000800c408       0x11 ./Middlewares/Third_Party/SubGHz_Phy/stm32_radio_driver/radio_driver.o
 *fill*         0x000000000800c419        0x3 
 .rodata        0x000000000800c41c      0x1bb ./SubGHz_Phy/App/subghz_phy_app.o
 *fill*         0x000000000800c5d7        0x1 
 .rodata        0x000000000800c5d8       0x57 ./Utilities/misc/stm32_tiny_vsnprintf.o
 *(.rodata*)
 *fill*         0x000000000800c62f        0x1 
 .rodata.UTIL_PowerDriver
                0x000000000800c630       0x18 ./Core/Src/stm32_lpm_if.o
                0x000000000800c630                UTIL_PowerDriver
 .rodata.AHBPrescTable
                0x000000000800c648       0x40 ./Core/Src/system_stm32wlxx.o
                0x000000000800c648                AHBPrescTable
 .rodata.APBPrescTable
                0x000000000800c688       0x20 ./Core/Src/system_stm32wlxx.o
                0x000000000800c688                APBPrescTable
 .rodata.MSIRangeTable
                0x000000000800c6a8       0x40 ./Core/Src/system_stm32wlxx.o
                0x000000000800c6a8                MSIRangeTable
 .rodata.UTIL_TimerDriver
                0x000000000800c6e8       0x2c ./Core/Src/timer_if.o
                0x000000000800c6e8                UTIL_TimerDriver
 .rodata.UTIL_SYSTIMDriver
                0x000000000800c714       0x14 ./Core/Src/timer_if.o
                0x000000000800c714                UTIL_SYSTIMDriver
 .rodata.UTIL_TraceDriver
                0x000000000800c728       0x10 ./Core/Src/usart_if.o
                0x000000000800c728                UTIL_TraceDriver
 .rodata.UARTPrescTable
                0x000000000800c738       0x18 ./Drivers/STM32WLxx_HAL_Driver/Src/stm32wlxx_hal_uart.o
                0x000000000800c738                UARTPrescTable
 .rodata.numerator.1
                0x000000000800c750        0x8 ./Drivers/STM32WLxx_HAL_Driver/Src/stm32wlxx_hal_uart_ex.o
 .rodata.denominator.0
                0x000000000800c758        0x8 ./Drivers/STM32WLxx_HAL_Driver/Src/stm32wlxx_hal_uart_ex.o
 .rodata.Radio  0x000000000800c760       0x8c ./Middlewares/Third_Party/SubGHz_Phy/stm32_radio_driver/radio.o
                0x000000000800c760                Radio
 .rodata.Bandwidths
                0x000000000800c7ec        0x3 ./Middlewares/Third_Party/SubGHz_Phy/stm32_radio_driver/radio.o
                0x000000000800c7ec                Bandwidths
 *fill*         0x000000000800c7ef        0x1 
 .rodata.FskBandwidths
                0x000000000800c7f0       0xb0 ./Middlewares/Third_Party/SubGHz_Phy/stm32_radio_driver/radio_driver.o
 .rodata.SEQ_clz_table_4bit
                0x000000000800c8a0       0x10 ./Utilities/sequencer/stm32_seq.o
                0x000000000800c8a0                SEQ_clz_table_4bit
                0x000000000800c8b0                . = ALIGN (0x4)

.ARM.extab      0x000000000800c8b0        0x0
                0x000000000800c8b0                . = ALIGN (0x4)
 *(.ARM.extab* .gnu.linkonce.armextab.*)
                0x000000000800c8b0                . = ALIGN (0x4)

.ARM            0x000000000800c8b0        0x8
                0x000000000800c8b0                . = ALIGN (0x4)